C:\Users\plibreros\Documents\Desarrollo ASBA Proyecto N2\Firmware_LPC55S16\SAKs_Mod_V0\drivers/fsl_power.h:385:20:POWER_DisablePD	16	static
../board/clock_config.c:44:6:BOARD_InitBootClocks	8	static
../board/clock_config.c:68:6:BOARD_BootClockFRO12M	8	static
../board/clock_config.c:115:6:BOARD_BootClockFROHF96M	8	static
../board/clock_config.c:169:6:BOARD_BootClockPLL100M	40	static
../board/clock_config.c:247:6:BOARD_BootClockPLL150M	40	static
../board/clock_config.c:324:6:BOARD_BootClockPLL1_150M	40	static
