Archive member included to satisfy reference by file (symbol)

C:/nxp/MCUXpressoIDE_25.6.136/ide/plugins/com.nxp.mcuxpresso.tools.win32_25.6.0.202501151204/tools/bin/../lib/gcc/arm-none-eabi/14.2.1/../../../../arm-none-eabi/lib/thumb/v8-m.main+fp/hard\libcr_nohost.a(_cr__main.o)
                              ./startup/startup_lpc55s16.o (__main)
C:/nxp/MCUXpressoIDE_25.6.136/ide/plugins/com.nxp.mcuxpresso.tools.win32_25.6.0.202501151204/tools/bin/../lib/gcc/arm-none-eabi/14.2.1/../../../../arm-none-eabi/lib/thumb/v8-m.main+fp/hard\libcr_c.a(memcpy.o)
                              ./utilities/str/fsl_str.o (memcpy)
C:/nxp/MCUXpressoIDE_25.6.136/ide/plugins/com.nxp.mcuxpresso.tools.win32_25.6.0.202501151204/tools/bin/../lib/gcc/arm-none-eabi/14.2.1/../../../../arm-none-eabi/lib/thumb/v8-m.main+fp/hard\libcr_c.a(memset.o)
                              ./utilities/debug_console/fsl_debug_console.o (memset)
C:/nxp/MCUXpressoIDE_25.6.136/ide/plugins/com.nxp.mcuxpresso.tools.win32_25.6.0.202501151204/tools/bin/../lib/gcc/arm-none-eabi/14.2.1/../../../../arm-none-eabi/lib/thumb/v8-m.main+fp/hard\libcr_c.a(alloc.o)
                              ./drivers/fsl_common.o (malloc)
C:/nxp/MCUXpressoIDE_25.6.136/ide/plugins/com.nxp.mcuxpresso.tools.win32_25.6.0.202501151204/tools/bin/../lib/gcc/arm-none-eabi/14.2.1/../../../../arm-none-eabi/lib/thumb/v8-m.main+fp/hard\libcr_c.a(errno.o)
                              ./utilities/str/fsl_str.o (errno)
C:/nxp/MCUXpressoIDE_25.6.136/ide/plugins/com.nxp.mcuxpresso.tools.win32_25.6.0.202501151204/tools/bin/../lib/gcc/arm-none-eabi/14.2.1/../../../../arm-none-eabi/lib/thumb/v8-m.main+fp/hard\libcr_c.a(initio.o)
                              C:/nxp/MCUXpressoIDE_25.6.136/ide/plugins/com.nxp.mcuxpresso.tools.win32_25.6.0.202501151204/tools/bin/../lib/gcc/arm-none-eabi/14.2.1/../../../../arm-none-eabi/lib/thumb/v8-m.main+fp/hard\libcr_nohost.a(_cr__main.o) (_initio)
C:/nxp/MCUXpressoIDE_25.6.136/ide/plugins/com.nxp.mcuxpresso.tools.win32_25.6.0.202501151204/tools/bin/../lib/gcc/arm-none-eabi/14.2.1/../../../../arm-none-eabi/lib/thumb/v8-m.main+fp/hard\libcr_c.a(scanf.o)
                              ./utilities/str/fsl_str.o (strtoul)
C:/nxp/MCUXpressoIDE_25.6.136/ide/plugins/com.nxp.mcuxpresso.tools.win32_25.6.0.202501151204/tools/bin/../lib/gcc/arm-none-eabi/14.2.1/../../../../arm-none-eabi/lib/thumb/v8-m.main+fp/hard\libcr_c.a(setvbuf.o)
                              C:/nxp/MCUXpressoIDE_25.6.136/ide/plugins/com.nxp.mcuxpresso.tools.win32_25.6.0.202501151204/tools/bin/../lib/gcc/arm-none-eabi/14.2.1/../../../../arm-none-eabi/lib/thumb/v8-m.main+fp/hard\libcr_c.a(initio.o) (setvbuf)
C:/nxp/MCUXpressoIDE_25.6.136/ide/plugins/com.nxp.mcuxpresso.tools.win32_25.6.0.202501151204/tools/bin/../lib/gcc/arm-none-eabi/14.2.1/../../../../arm-none-eabi/lib/thumb/v8-m.main+fp/hard\libcr_c.a(stdlib.o)
                              ./drivers/fsl_mcan.o (abs)
C:/nxp/MCUXpressoIDE_25.6.136/ide/plugins/com.nxp.mcuxpresso.tools.win32_25.6.0.202501151204/tools/bin/../lib/gcc/arm-none-eabi/14.2.1/../../../../arm-none-eabi/lib/thumb/v8-m.main+fp/hard\libcr_c.a(strlen.o)
                              ./utilities/str/fsl_str.o (strlen)
C:/nxp/MCUXpressoIDE_25.6.136/ide/plugins/com.nxp.mcuxpresso.tools.win32_25.6.0.202501151204/tools/bin/../lib/gcc/arm-none-eabi/14.2.1/../../../../arm-none-eabi/lib/thumb/v8-m.main+fp/hard\libcr_c.a(ungetc.o)
                              C:/nxp/MCUXpressoIDE_25.6.136/ide/plugins/com.nxp.mcuxpresso.tools.win32_25.6.0.202501151204/tools/bin/../lib/gcc/arm-none-eabi/14.2.1/../../../../arm-none-eabi/lib/thumb/v8-m.main+fp/hard\libcr_c.a(scanf.o) (ungetc)
C:/nxp/MCUXpressoIDE_25.6.136/ide/plugins/com.nxp.mcuxpresso.tools.win32_25.6.0.202501151204/tools/bin/../lib/gcc/arm-none-eabi/14.2.1/../../../../arm-none-eabi/lib/thumb/v8-m.main+fp/hard\libcr_c.a(__fillbuf.o)
                              C:/nxp/MCUXpressoIDE_25.6.136/ide/plugins/com.nxp.mcuxpresso.tools.win32_25.6.0.202501151204/tools/bin/../lib/gcc/arm-none-eabi/14.2.1/../../../../arm-none-eabi/lib/thumb/v8-m.main+fp/hard\libcr_c.a(scanf.o) (__filbuf)
C:/nxp/MCUXpressoIDE_25.6.136/ide/plugins/com.nxp.mcuxpresso.tools.win32_25.6.0.202501151204/tools/bin/../lib/gcc/arm-none-eabi/14.2.1/../../../../arm-none-eabi/lib/thumb/v8-m.main+fp/hard\libcr_c.a(__init_alloc.o)
                              C:/nxp/MCUXpressoIDE_25.6.136/ide/plugins/com.nxp.mcuxpresso.tools.win32_25.6.0.202501151204/tools/bin/../lib/gcc/arm-none-eabi/14.2.1/../../../../arm-none-eabi/lib/thumb/v8-m.main+fp/hard\libcr_c.a(alloc.o) (__heaps)
C:/nxp/MCUXpressoIDE_25.6.136/ide/plugins/com.nxp.mcuxpresso.tools.win32_25.6.0.202501151204/tools/bin/../lib/gcc/arm-none-eabi/14.2.1/../../../../arm-none-eabi/lib/thumb/v8-m.main+fp/hard\libcr_c.a(_cr_sbrk.o)
[...]
Memory Configuration

Name             Origin             Length             Attributes
PROGRAM_FLASH    0x00000000         0x0003d000         xr
SRAM             0x20000000         0x00010000         xrw
USB_RAM          0x20010000         0x00004000         xrw
SRAMX            0x04000000         0x00004000         xrw
*default*        0x00000000         0xffffffff

Linker script and memory map

LOAD ./utilities/str/fsl_str.o
LOAD ./utilities/debug_console/fsl_debug_console.o
LOAD ./utilities/fsl_assert.o
LOAD ./startup/startup_lpc55s16.o
LOAD ./source/SAKs_Mod_V0.o
LOAD ./source/semihost_hardfault.o
LOAD ./freertos/freertos-kernel/portable/MemMang/heap_4.o
LOAD ./freertos/freertos-kernel/portable/GCC/ARM_CM33_NTZ/non_secure/mpu_wrappers_v2_asm.o
LOAD ./freertos/freertos-kernel/portable/GCC/ARM_CM33_NTZ/non_secure/port.o
LOAD ./freertos/freertos-kernel/portable/GCC/ARM_CM33_NTZ/non_secure/portasm.o
LOAD ./freertos/freertos-kernel/croutine.o
LOAD ./freertos/freertos-kernel/event_groups.o
LOAD ./freertos/freertos-kernel/list.o
LOAD ./freertos/freertos-kernel/queue.o
LOAD ./freertos/freertos-kernel/stream_buffer.o
LOAD ./freertos/freertos-kernel/tasks.o
LOAD ./freertos/freertos-kernel/timers.o
LOAD ./drivers/fsl_clock.o
LOAD ./drivers/fsl_common.o
LOAD ./drivers/fsl_common_arm.o
LOAD ./drivers/fsl_flexcomm.o
LOAD ./drivers/fsl_gpio.o
LOAD ./drivers/fsl_i2c.o
LOAD ./drivers/fsl_mcan.o
LOAD ./drivers/fsl_power.o
LOAD ./drivers/fsl_reset.o
LOAD ./drivers/fsl_spi.o
LOAD ./drivers/fsl_usart.o
LOAD ./device/system_LPC55S16.o
LOAD ./component/uart/fsl_adapter_usart.o
LOAD ./component/serial_manager/fsl_component_serial_manager.o
LOAD ./component/serial_manager/fsl_component_serial_port_uart.o
LOAD ./component/lists/fsl_component_generic_list.o
LOAD ./board/board.o
LOAD ./board/clock_config.o
LOAD ./board/peripherals.o
LOAD ./board/pin_mux.o
LOAD ./app_saks_m/utilities/src/conversions.o
LOAD ./app_saks_m/protocols/src/winsen.o
LOAD ./app_saks_m/protocols/src/winstar_canopen.o
LOAD ./app_saks_m/drivers/src/can_freertos.o
LOAD ./app_saks_m/drivers/src/i2c_freertos.o
LOAD ./app_saks_m/drivers/src/uart_freertos.o
LOAD ./app_saks_m/devices/src/WL0F0007000A8GAAASA00.o
LOAD ./app_saks_m/devices/src/ZC05.o
LOAD ./app_saks_m/devices/src/ZE07.o
LOAD ./app_saks_m/devices/src/mcp960x.o
LOAD ./app_saks_m/app/src/app_saksm.o
START GROUP
LOAD C:/nxp/MCUXpressoIDE_25.6.136/ide/plugins/com.nxp.mcuxpresso.tools.win32_25.6.0.202501151204/tools/bin/../lib/gcc/arm-none-eabi/14.2.1/../../../../arm-none-eabi/lib/thumb/v8-m.main+fp/hard\libcr_nohost.a
LOAD C:/nxp/MCUXpressoIDE_25.6.136/ide/plugins/com.nxp.mcuxpresso.tools.win32_25.6.0.202501151204/tools/bin/../lib/gcc/arm-none-eabi/14.2.1/../../../../arm-none-eabi/lib/thumb/v8-m.main+fp/hard\libcr_c.a
LOAD C:/nxp/MCUXpressoIDE_25.6.136/ide/plugins/com.nxp.mcuxpresso.tools.win32_25.6.0.202501151204/tools/bin/../lib/gcc/arm-none-eabi/14.2.1/thumb/v8-m.main+fp/hard\libcr_eabihelpers.a
LOAD C:/nxp/MCUXpressoIDE_25.6.136/ide/plugins/com.nxp.mcuxpresso.tools.win32_25.6.0.202501151204/tools/bin/../lib/gcc/arm-none-eabi/14.2.1/thumb/v8-m.main+fp/hard\libgcc.a
END GROUP
                0x00000000                        __base_PROGRAM_FLASH = 0x0
                0x00000000                        __base_Flash = 0x0
                0x0003d000                        __top_PROGRAM_FLASH = 0x3d000
                0x0003d000                        __top_Flash = 0x3d000
                0x20000000                        __base_SRAM = 0x20000000
                0x20000000                        __base_RAM = 0x20000000
                0x20010000                        __top_SRAM = 0x20010000
                0x20010000                        __top_RAM = 0x20010000
                0x20010000                        __base_USB_RAM = 0x20010000
                0x20010000                        __base_RAM2 = 0x20010000
                0x20014000                        __top_USB_RAM = 0x20014000
                0x20014000                        __top_RAM2 = 0x20014000
                0x04000000                        __base_SRAMX = 0x4000000
                0x04000000                        __base_RAM3 = 0x4000000
                0x04004000                        __top_SRAMX = 0x4004000
                0x04004000                        __top_RAM3 = 0x4004000

.text           0x00000000     0x9a48
 FILL mask 0xff
                0x00000000                        __vectors_start__ = ABSOLUTE (.)
 *(SORT_BY_ALIGNMENT(.isr_vector))
 .isr_vector    0x00000000      0x134 ./startup/startup_lpc55s16.o
                0x00000000                g_pfnVectors
                0x00000000                __Vectors
                0x00000134                        . = ALIGN (0x4)
                0x00000134                        __section_table_start = .
                0x00000134                        __data_section_table = .
                0x00000134        0x4 LONG 0x9a48 LOADADDR (.data)
                0x00000138        0x4 LONG 0x20000000 ADDR (.data)
                0x0000013c        0x4 LONG 0x10 SIZEOF (.data)
                0x00000140        0x4 LONG 0x9a48 LOADADDR (.data_RAM2)
                0x00000144        0x4 LONG 0x20010000 ADDR (.data_RAM2)
                0x00000148        0x4 LONG 0x0 SIZEOF (.data_RAM2)
                0x0000014c        0x4 LONG 0x9a48 LOADADDR (.data_RAM3)
                0x00000150        0x4 LONG 0x4000000 ADDR (.data_RAM3)
                0x00000154        0x4 LONG 0x0 SIZEOF (.data_RAM3)
                0x00000158                        __data_section_table_end = .
                0x00000158                        __bss_section_table = .
                0x00000158        0x4 LONG 0x20000010 ADDR (.bss)
                0x0000015c        0x4 LONG 0x3058 SIZEOF (.bss)
                0x00000160        0x4 LONG 0x20010000 ADDR (.bss_RAM2)
                0x00000164        0x4 LONG 0x0 SIZEOF (.bss_RAM2)
                0x00000168        0x4 LONG 0x4000000 ADDR (.bss_RAM3)
                0x0000016c        0x4 LONG 0x0 SIZEOF (.bss_RAM3)
                0x00000170                        __bss_section_table_end = .
                0x00000170                        __section_table_end = .
 *(SORT_BY_ALIGNMENT(.after_vectors*))
 .after_vectors.reset
                0x00000170       0x68 ./startup/startup_lpc55s16.o
                0x00000170                ResetISR
 .after_vectors.init_data
                0x000001d8       0x1e ./startup/startup_lpc55s16.o
                0x000001d8                data_init
 .after_vectors.init_bss
                0x000001f6       0x12 ./startup/startup_lpc55s16.o
                0x000001f6                bss_init
 .after_vectors
                0x00000208       0x16 ./startup/startup_lpc55s16.o
                0x00000208                NMI_Handler
                0x0000020c                MemManage_Handler
                0x0000020e                BusFault_Handler
                0x00000210                UsageFault_Handler
                0x00000212                SecureFault_Handler
                0x00000216                DebugMon_Handler
                0x0000021c                Reserved73_DriverIRQHandler
                0x0000021c                PIN_INT3_DriverIRQHandler
                0x0000021c                PIN_INT2_DriverIRQHandler
                0x0000021c                Reserved56_DriverIRQHandler
                0x0000021c                PIN_INT0_DriverIRQHandler
                0x0000021c                CTIMER2_DriverIRQHandler
                0x0000021c                SEC_VIO_DriverIRQHandler
                0x0000021c                IntDefaultHandler
                0x0000021c                USB0_DriverIRQHandler
                0x0000021c                CASER_DriverIRQHandler
                0x0000021c                MRT0_DriverIRQHandler
                0x0000021c                UTICK0_DriverIRQHandler
                0x0000021c                Reserved41_DriverIRQHandler
                0x0000021c                PIN_INT4_DriverIRQHandler
                0x0000021c                PIN_INT5_DriverIRQHandler
                0x0000021c                SEC_GPIO_INT0_IRQ0_DriverIRQHandler
                0x0000021c                Reserved47_DriverIRQHandler
                0x0000021c                CTIMER4_DriverIRQHandler
                0x0000021c                GINT1_DriverIRQHandler
                0x0000021c                Reserved42_DriverIRQHandler
                0x0000021c                Reserved55_DriverIRQHandler
                0x0000021c                HASHCRYPT_DriverIRQHandler
                0x0000021c                USB0_NEEDCLK_DriverIRQHandler
                0x0000021c                CTIMER0_DriverIRQHandler
                0x0000021c                CTIMER1_DriverIRQHandler
                0x0000021c                DMA0_DriverIRQHandler
                0x0000021c                PIN_INT6_DriverIRQHandler
                0x0000021c                PIN_INT1_DriverIRQHandler
                0x0000021c                CTIMER3_DriverIRQHandler
                0x0000021c                Reserved61_DriverIRQHandler
                0x0000021c                SEC_GPIO_INT0_IRQ1_DriverIRQHandler
                0x0000021c                PUF_DriverIRQHandler
                0x0000021c                RTC_DriverIRQHandler
                0x0000021c                Reserved39_DriverIRQHandler
                0x0000021c                CDOG_DriverIRQHandler
                0x0000021c                USB1_DriverIRQHandler
                0x0000021c                DMA1_DriverIRQHandler
                0x0000021c                ADC0_DriverIRQHandler
                0x0000021c                USB1_NEEDCLK_DriverIRQHandler
                0x0000021c                GINT0_DriverIRQHandler
                0x0000021c                USB1_PHY_DriverIRQHandler
                0x0000021c                ACMP_DriverIRQHandler
                0x0000021c                Reserved58_DriverIRQHandler
                0x0000021c                Reserved57_DriverIRQHandler
                0x0000021c                PIN_INT7_DriverIRQHandler
                0x0000021c                Reserved46_DriverIRQHandler
                0x0000021c                WDT_BOD_DriverIRQHandler
                0x0000021c                SCT0_DriverIRQHandler
                0x0000021c                PLU_DriverIRQHandler
                0x0000021c                OS_EVENT_DriverIRQHandler
                0x0000021c                SEC_HYPERVISOR_CALL_DriverIRQHandler
 *(SORT_BY_ALIGNMENT(.text*))
 *fill*         0x0000021e        0x2 ff
 .text.DbgConsole_SendDataReliable
                0x00000220       0x54 ./utilities/debug_console/fsl_debug_console.o
                0x00000220                DbgConsole_SendDataReliable
 .text.DbgConsole_Init
                0x00000274      0x138 ./utilities/debug_console/fsl_debug_console.o
                0x00000274                DbgConsole_Init
 .text.DbgConsole_Vprintf
                0x000003ac       0x68 ./utilities/debug_console/fsl_debug_console.o
                0x000003ac                DbgConsole_Vprintf
 .text.__assertion_failed
                0x00000414       0x3c ./utilities/fsl_assert.o
                0x00000414                __assertion_failed
 .text.main     0x00000450       0x70 ./source/SAKs_Mod_V0.o
                0x00000450                main
 .text.pvPortMalloc
                0x000004c0      0x204 ./freertos/freertos-kernel/portable/MemMang/heap_4.o
                0x000004c0                pvPortMalloc
 .text.vPortFree
                0x000006c4       0xbc ./freertos/freertos-kernel/portable/MemMang/heap_4.o
                0x000006c4                vPortFree
 .text.prvHeapInit
                0x00000780       0xb4 ./freertos/freertos-kernel/portable/MemMang/heap_4.o
 .text.prvInsertBlockIntoFreeList
                0x00000834       0xe0 ./freertos/freertos-kernel/portable/MemMang/heap_4.o
 .text.vPortSetupTimerInterrupt
                0x00000914       0x48 ./freertos/freertos-kernel/portable/GCC/ARM_CM33_NTZ/non_secure/port.o
                0x00000914                vPortSetupTimerInterrupt
 .text.prvTaskExitError
                0x0000095c       0x38 ./freertos/freertos-kernel/portable/GCC/ARM_CM33_NTZ/non_secure/port.o
 .text.vPortYield
                0x00000994       0x24 ./freertos/freertos-kernel/portable/GCC/ARM_CM33_NTZ/non_secure/port.o
                0x00000994                vPortYield
 .text.vPortEnterCritical
                0x000009b8       0x24 ./freertos/freertos-kernel/portable/GCC/ARM_CM33_NTZ/non_secure/port.o
                0x000009b8                vPortEnterCritical
 .text.vPortExitCritical
                0x000009dc       0x34 ./freertos/freertos-kernel/portable/GCC/ARM_CM33_NTZ/non_secure/port.o
                0x000009dc                vPortExitCritical
 .text.SysTick_Handler
                0x00000a10       0x30 ./freertos/freertos-kernel/portable/GCC/ARM_CM33_NTZ/non_secure/port.o
                0x00000a10                SysTick_Handler
 .text.pxPortInitialiseStack
                0x00000a40      0x114 ./freertos/freertos-kernel/portable/GCC/ARM_CM33_NTZ/non_secure/port.o
                0x00000a40                pxPortInitialiseStack
 .text.xPortStartScheduler
                0x00000b54      0x128 ./freertos/freertos-kernel/portable/GCC/ARM_CM33_NTZ/non_secure/port.o
                0x00000b54                xPortStartScheduler
 .text.vPortValidateInterruptPriority
                0x00000c7c       0x60 ./freertos/freertos-kernel/portable/GCC/ARM_CM33_NTZ/non_secure/port.o
                0x00000c7c                vPortValidateInterruptPriority
 .text.vRestoreContextOfFirstTask
                0x00000cdc       0x2c ./freertos/freertos-kernel/portable/GCC/ARM_CM33_NTZ/non_secure/portasm.o
                0x00000cdc                vRestoreContextOfFirstTask
 .text.vStartFirstTask
                0x00000d08       0x20 ./freertos/freertos-kernel/portable/GCC/ARM_CM33_NTZ/non_secure/portasm.o
                0x00000d08                vStartFirstTask
 .text.PendSV_Handler
                0x00000d28       0x4c ./freertos/freertos-kernel/portable/GCC/ARM_CM33_NTZ/non_secure/portasm.o
                0x00000d28                PendSV_Handler
 .text.SVC_Handler
                0x00000d74       0x18 ./freertos/freertos-kernel/portable/GCC/ARM_CM33_NTZ/non_secure/portasm.o
                0x00000d74                SVC_Handler
 .text.vQueueAddToRegistry
                0x00000d8c       0x8c ./freertos/freertos-kernel/queue.o
                0x00000d8c                vQueueAddToRegistry
 .text.vQueueUnregisterQueue
                0x00000e18       0x60 ./freertos/freertos-kernel/queue.o
                0x00000e18                vQueueUnregisterQueue
 .text.prvAddNewTaskToReadyList
                0x00000e78      0x120 ./freertos/freertos-kernel/tasks.o
 .text.vTaskDelay
                0x00000f98       0x4c ./freertos/freertos-kernel/tasks.o
                0x00000f98                vTaskDelay
 .text.vTaskSuspend
                0x00000fe4      0x124 ./freertos/freertos-kernel/tasks.o
                0x00000fe4                vTaskSuspend
 .text.prvCreateIdleTasks
                0x00001108       0x94 ./freertos/freertos-kernel/tasks.o
 .text.vTaskStartScheduler
                0x0000119c       0x68 ./freertos/freertos-kernel/tasks.o
                0x0000119c                vTaskStartScheduler
 .text.vTaskSuspendAll
                0x00001204       0x1c ./freertos/freertos-kernel/tasks.o
                0x00001204                vTaskSuspendAll
 .text.xTaskResumeAll
                0x00001220      0x1f0 ./freertos/freertos-kernel/tasks.o
                0x00001220                xTaskResumeAll
 .text.xTaskGetTickCount
                0x00001410       0x20 ./freertos/freertos-kernel/tasks.o
                0x00001410                xTaskGetTickCount
 .text.uxTaskGetNumberOfTasks
                0x00001430       0x18 ./freertos/freertos-kernel/tasks.o
                0x00001430                uxTaskGetNumberOfTasks
 .text.xTaskIncrementTick
                0x00001448      0x208 ./freertos/freertos-kernel/tasks.o
                0x00001448                xTaskIncrementTick
 .text.vTaskSwitchContext
                0x00001650       0xa8 ./freertos/freertos-kernel/tasks.o
                0x00001650                vTaskSwitchContext
 .text.vTaskPlaceOnEventList
                0x000016f8       0x3c ./freertos/freertos-kernel/tasks.o
                0x000016f8                vTaskPlaceOnEventList
 .text.vTaskPlaceOnEventListRestricted
                0x00001734       0x7c ./freertos/freertos-kernel/tasks.o
                0x00001734                vTaskPlaceOnEventListRestricted
 .text.xTaskRemoveFromEventList
                0x000017b0      0x1a0 ./freertos/freertos-kernel/tasks.o
                0x000017b0                xTaskRemoveFromEventList
 .text.vTaskInternalSetTimeOutState
                0x00001950       0x2c ./freertos/freertos-kernel/tasks.o
                0x00001950                vTaskInternalSetTimeOutState
 .text.xTaskCheckForTimeOut
                0x0000197c       0xb0 ./freertos/freertos-kernel/tasks.o
                0x0000197c                xTaskCheckForTimeOut
 .text.vTaskMissedYield
                0x00001a2c       0x18 ./freertos/freertos-kernel/tasks.o
                0x00001a2c                vTaskMissedYield
 .text.prvIdleTask
                0x00001a44       0x20 ./freertos/freertos-kernel/tasks.o
 .text.prvInitialiseTaskLists
                0x00001a64       0x80 ./freertos/freertos-kernel/tasks.o
 .text.prvCheckTasksWaitingTermination
                0x00001ae4       0x5c ./freertos/freertos-kernel/tasks.o
 .text.prvResetNextTaskUnblockTime
                0x00001b40       0x38 ./freertos/freertos-kernel/tasks.o
 .text.xTaskGetSchedulerState
                0x00001b78       0x3c ./freertos/freertos-kernel/tasks.o
                0x00001b78                xTaskGetSchedulerState
 .text.xTaskPriorityInherit
                0x00001bb4      0x140 ./freertos/freertos-kernel/tasks.o
                0x00001bb4                xTaskPriorityInherit
 .text.xTaskPriorityDisinherit
                0x00001cf4      0x12c ./freertos/freertos-kernel/tasks.o
                0x00001cf4                xTaskPriorityDisinherit
 .text.vTaskPriorityDisinheritAfterTimeout
                0x00001e20      0x158 ./freertos/freertos-kernel/tasks.o
                0x00001e20                vTaskPriorityDisinheritAfterTimeout
 .text.pvTaskIncrementMutexHeldCount
                0x00001f78       0x30 ./freertos/freertos-kernel/tasks.o
                0x00001f78                pvTaskIncrementMutexHeldCount
 .text.xTaskGenericNotifyFromISR
                0x00001fa8      0x274 ./freertos/freertos-kernel/tasks.o
                0x00001fa8                xTaskGenericNotifyFromISR
 .text.prvAddCurrentTaskToDelayedList
                0x0000221c      0x104 ./freertos/freertos-kernel/tasks.o
 .text.xTimerCreateTimerTask
                0x00002320       0x54 ./freertos/freertos-kernel/timers.o
                0x00002320                xTimerCreateTimerTask
 .text.prvProcessExpiredTimer
                0x00002374       0x60 ./freertos/freertos-kernel/timers.o
 .text.prvProcessTimerOrBlockTask
                0x000023d4       0x8c ./freertos/freertos-kernel/timers.o
 .text.prvGetNextExpireTime
                0x00002460       0x48 ./freertos/freertos-kernel/timers.o
 .text.prvSampleTimeNow
                0x000024a8       0x40 ./freertos/freertos-kernel/timers.o
 .text.prvInsertTimerInActiveList
                0x000024e8       0x84 ./freertos/freertos-kernel/timers.o
 .text.prvProcessReceivedCommands
                0x0000256c      0x1a8 ./freertos/freertos-kernel/timers.o
 .text.prvSwitchTimerLists
                0x00002714       0x4c ./freertos/freertos-kernel/timers.o
 .text.prvCheckForValidListAndQueue
                0x00002760       0x6c ./freertos/freertos-kernel/timers.o
 .text.POWER_EnablePD
                0x000027cc       0x20 ./drivers/fsl_clock.o
 .text.POWER_DisablePD
                0x000027ec       0x20 ./drivers/fsl_clock.o
 .text.CLOCK_AttachClk
                0x0000280c       0xc0 ./drivers/fsl_clock.o
                0x0000280c                CLOCK_AttachClk
 .text.CLOCK_SetClkDiv
                0x000028cc       0x80 ./drivers/fsl_clock.o
                0x000028cc                CLOCK_SetClkDiv
 .text.CLOCK_SetupFROClocking
                0x0000294c       0x74 ./drivers/fsl_clock.o
                0x0000294c                CLOCK_SetupFROClocking
 .text.CLOCK_SetFLASHAccessCyclesForFreq
                0x000029c0       0xd8 ./drivers/fsl_clock.o
                0x000029c0                CLOCK_SetFLASHAccessCyclesForFreq
 .text.CLOCK_SetupExtClocking
                0x00002a98       0x64 ./drivers/fsl_clock.o
                0x00002a98                CLOCK_SetupExtClocking
 .text.CLOCK_GetMCanClkFreq
                0x00002afc       0x7c ./drivers/fsl_clock.o
                0x00002afc                CLOCK_GetMCanClkFreq
 .text.CLOCK_GetFro12MFreq
                0x00002b78       0x28 ./drivers/fsl_clock.o
                0x00002b78                CLOCK_GetFro12MFreq
 .text.CLOCK_GetFro1MFreq
                0x00002ba0       0x28 ./drivers/fsl_clock.o
                0x00002ba0                CLOCK_GetFro1MFreq
 .text.CLOCK_GetExtClkFreq
                0x00002bc8       0x2c ./drivers/fsl_clock.o
                0x00002bc8                CLOCK_GetExtClkFreq
 .text.CLOCK_GetFroHfFreq
                0x00002bf4       0x28 ./drivers/fsl_clock.o
                0x00002bf4                CLOCK_GetFroHfFreq
 .text.CLOCK_GetPll0OutFreq
                0x00002c1c       0x18 ./drivers/fsl_clock.o
                0x00002c1c                CLOCK_GetPll0OutFreq
 .text.CLOCK_GetPll1OutFreq
                0x00002c34       0x18 ./drivers/fsl_clock.o
                0x00002c34                CLOCK_GetPll1OutFreq
 .text.CLOCK_GetOsc32KFreq
                0x00002c4c       0x58 ./drivers/fsl_clock.o
                0x00002c4c                CLOCK_GetOsc32KFreq
 .text.CLOCK_GetCoreSysClkFreq
                0x00002ca4       0xa8 ./drivers/fsl_clock.o
                0x00002ca4                CLOCK_GetCoreSysClkFreq
 .text.CLOCK_GetPLL0InClockRate
                0x00002d4c       0x64 ./drivers/fsl_clock.o
                0x00002d4c                CLOCK_GetPLL0InClockRate
 .text.CLOCK_SetPLL0Freq
                0x00002db0      0x14c ./drivers/fsl_clock.o
                0x00002db0                CLOCK_SetPLL0Freq
 .text.SDK_DelayAtLeastUs
                0x00002efc       0x8c ./drivers/fsl_common_arm.o
                0x00002efc                SDK_DelayAtLeastUs
 .text.FLEXCOMM_GetInstance
                0x00002f88       0x4c ./drivers/fsl_flexcomm.o
                0x00002f88                FLEXCOMM_GetInstance
 .text.FLEXCOMM_Init
                0x00002fd4       0x50 ./drivers/fsl_flexcomm.o
                0x00002fd4                FLEXCOMM_Init
 .text.FLEXCOMM0_DriverIRQHandler
                0x00003024       0x5c ./drivers/fsl_flexcomm.o
                0x00003024                FLEXCOMM0_DriverIRQHandler
 .text.FLEXCOMM3_DriverIRQHandler
                0x00003080       0x5c ./drivers/fsl_flexcomm.o
                0x00003080                FLEXCOMM3_DriverIRQHandler
 .text.FLEXCOMM4_DriverIRQHandler
                0x000030dc       0x5c ./drivers/fsl_flexcomm.o
                0x000030dc                FLEXCOMM4_DriverIRQHandler
 .text.FLEXCOMM5_DriverIRQHandler
                0x00003138       0x5c ./drivers/fsl_flexcomm.o
                0x00003138                FLEXCOMM5_DriverIRQHandler
 .text.FLEXCOMM6_DriverIRQHandler
                0x00003194       0x5c ./drivers/fsl_flexcomm.o
                0x00003194                FLEXCOMM6_DriverIRQHandler
 .text.FLEXCOMM7_DriverIRQHandler
                0x000031f0       0x5c ./drivers/fsl_flexcomm.o
                0x000031f0                FLEXCOMM7_DriverIRQHandler
 .text.FLEXCOMM8_DriverIRQHandler
                0x0000324c       0x5c ./drivers/fsl_flexcomm.o
                0x0000324c                FLEXCOMM8_DriverIRQHandler
 .text.__NVIC_EnableIRQ
                0x000032a8       0x3c ./drivers/fsl_mcan.o
 .text.MCAN_SetMsgRAMBase
                0x000032e4       0x50 ./drivers/fsl_mcan.o
 .text.MCAN_GetInstance
                0x00003334       0x44 ./drivers/fsl_mcan.o
 .text.MCAN_Init
                0x00003378      0x204 ./drivers/fsl_mcan.o
                0x00003378                MCAN_Init
 .text.MCAN_GetDefaultConfig
                0x0000357c       0x80 ./drivers/fsl_mcan.o
                0x0000357c                MCAN_GetDefaultConfig
 .text.MCAN_SetDataTimingConfig
                0x000035fc       0x68 ./drivers/fsl_mcan.o
                0x000035fc                MCAN_SetDataTimingConfig
 .text.MCAN_GetSegments
                0x00003664       0x70 ./drivers/fsl_mcan.o
 .text.MCAN_CalculateImprovedTimingValues
                0x000036d4       0xfc ./drivers/fsl_mcan.o
                0x000036d4                MCAN_CalculateImprovedTimingValues
 .text.MCAN_SetArbitrationTimingConfig
                0x000037d0       0x64 ./drivers/fsl_mcan.o
                0x000037d0                MCAN_SetArbitrationTimingConfig
 .text.MCAN_SetTxBufferConfig
                0x00003834       0x7c ./drivers/fsl_mcan.o
                0x00003834                MCAN_SetTxBufferConfig
 .text.MCAN_GetTxBufferElementAddress
                0x000038b0       0x60 ./drivers/fsl_mcan.o
 .text.MCAN_WriteTxBuffer
                0x00003910       0x84 ./drivers/fsl_mcan.o
                0x00003910                MCAN_WriteTxBuffer
 .text.MCAN_ReadRxFifo
                0x00003994       0xd8 ./drivers/fsl_mcan.o
                0x00003994                MCAN_ReadRxFifo
 .text.MCAN_TransferCreateHandle
                0x00003a6c       0xa0 ./drivers/fsl_mcan.o
                0x00003a6c                MCAN_TransferCreateHandle
 .text.MCAN_TransferSendNonBlocking
                0x00003b0c       0xfc ./drivers/fsl_mcan.o
                0x00003b0c                MCAN_TransferSendNonBlocking
 .text.MCAN_TransferReceiveFifoNonBlocking
                0x00003c08       0xa4 ./drivers/fsl_mcan.o
                0x00003c08                MCAN_TransferReceiveFifoNonBlocking
 .text.MCAN_TransferAbortSend
                0x00003cac       0x64 ./drivers/fsl_mcan.o
                0x00003cac                MCAN_TransferAbortSend
 .text.MCAN_TransferAbortReceiveFifo
                0x00003d10       0x64 ./drivers/fsl_mcan.o
                0x00003d10                MCAN_TransferAbortReceiveFifo
 .text.MCAN_TransferHandleIRQ
                0x00003d74      0x188 ./drivers/fsl_mcan.o
                0x00003d74                MCAN_TransferHandleIRQ
 .text.CAN0_IRQ0_DriverIRQHandler
                0x00003efc       0x34 ./drivers/fsl_mcan.o
                0x00003efc                CAN0_IRQ0_DriverIRQHandler
 .text.CAN0_IRQ1_DriverIRQHandler
                0x00003f30       0x34 ./drivers/fsl_mcan.o
                0x00003f30                CAN0_IRQ1_DriverIRQHandler
 .text.lowpower_set_system_voltage
                0x00003f64      0x154 ./drivers/fsl_power.o
 .text.lowpower_set_dcdc_power_profile
                0x000040b8       0xec ./drivers/fsl_power.o
 .text.lowpower_get_part_process_corner
                0x000041a4       0x94 ./drivers/fsl_power.o
 .text.POWER_SetVoltageForFreq
                0x00004238       0x50 ./drivers/fsl_power.o
                0x00004238                POWER_SetVoltageForFreq
 .text.RESET_SetPeripheralReset
                0x00004288       0x5c ./drivers/fsl_reset.o
                0x00004288                RESET_SetPeripheralReset
 .text.RESET_ClearPeripheralReset
                0x000042e4       0x60 ./drivers/fsl_reset.o
                0x000042e4                RESET_ClearPeripheralReset
 .text.USART_Init
                0x00004344      0x1cc ./drivers/fsl_usart.o
                0x00004344                USART_Init
 .text.USART_GetDefaultConfig
                0x00004510       0x80 ./drivers/fsl_usart.o
                0x00004510                USART_GetDefaultConfig
 .text.USART_SetBaudRate
                0x00004590      0x18c ./drivers/fsl_usart.o
                0x00004590                USART_SetBaudRate
 .text.USART_WriteBlocking
                0x0000471c       0x8c ./drivers/fsl_usart.o
                0x0000471c                USART_WriteBlocking
 .text.SystemInit
                0x000047a8       0xc0 ./device/system_LPC55S16.o
                0x000047a8                SystemInit
 .text.HAL_UartInitCommon
                0x00004868      0x110 ./component/uart/fsl_adapter_usart.o
 .text.HAL_UartSendBlocking
                0x00004978       0x64 ./component/uart/fsl_adapter_usart.o
                0x00004978                HAL_UartSendBlocking
 .text.BOARD_InitDebugConsole
                0x000049dc       0x38 ./board/board.o
                0x000049dc                BOARD_InitDebugConsole
 .text.POWER_DisablePD
                0x00004a14       0x20 ./board/clock_config.o
 .text.BOARD_BootClockPLL150M
                0x00004a34       0xf4 ./board/clock_config.o
                0x00004a34                BOARD_BootClockPLL150M
 .text.BOARD_InitDEBUG_UARTPins
                0x00004b28      0x140 ./board/pin_mux.o
                0x00004b28                BOARD_InitDEBUG_UARTPins
 .text.float_to_str_1decimal
                0x00004c68      0x12c ./app_saks_m/utilities/src/conversions.o
                0x00004c68                float_to_str_1decimal
 .text.uint32_to_str
                0x00004d94       0xbc ./app_saks_m/utilities/src/conversions.o
                0x00004d94                uint32_to_str
 .text.winstar_activation_buzzer
                0x00004e50       0x7c ./app_saks_m/protocols/src/winstar_canopen.o
                0x00004e50                winstar_activation_buzzer
 .text.sdo_get_exped_cmd
                0x00004ecc       0x48 ./app_saks_m/protocols/src/winstar_canopen.o
 .text.__NVIC_SetPriority
                0x00004f14       0x54 ./app_saks_m/drivers/src/can_freertos.o
 .text.mcan_callback
                0x00004f68       0x54 ./app_saks_m/drivers/src/can_freertos.o
 .text.notify_status
                0x00004fbc       0xb0 ./app_saks_m/drivers/src/can_freertos.o
 .text.mcan_rtos_init
                0x0000506c      0x280 ./app_saks_m/drivers/src/can_freertos.o
                0x0000506c                mcan_rtos_init
 .text.USART_ClearStatusFlags
                0x000052ec       0x44 ./app_saks_m/drivers/src/uart_freertos.o
 .text.uart_drv_isr_handler
                0x00005330       0xc0 ./app_saks_m/drivers/src/uart_freertos.o
                0x00005330                uart_drv_isr_handler
 .text.display_7inch_can_init
                0x000053f0       0x28 ./app_saks_m/devices/src/WL0F0007000A8GAAASA00.o
                0x000053f0                display_7inch_can_init
 .text.display_7inch_print
                0x00005418       0xac ./app_saks_m/devices/src/WL0F0007000A8GAAASA00.o
                0x00005418                display_7inch_print
 .text.FLEXCOMM1_IRQHandler
                0x000054c4       0x14 ./app_saks_m/devices/src/ZC05.o
                0x000054c4                FLEXCOMM1_IRQHandler
 .text.FLEXCOMM2_IRQHandler
                0x000054d8       0x14 ./app_saks_m/devices/src/ZE07.o
                0x000054d8                FLEXCOMM2_IRQHandler
 .text.init_dummie
                0x000054ec       0x3c ./app_saks_m/app/src/app_saksm.o
 .text.task_dummie
                0x00005528       0x64 ./app_saks_m/app/src/app_saksm.o
 .text._initio  0x0000558c       0x78 C:/nxp/MCUXpressoIDE_25.6.136/ide/plugins/com.nxp.mcuxpresso.tools.win32_25.6.0.202501151204/tools/bin/../lib/gcc/arm-none-eabi/14.2.1/../../../../arm-none-eabi/lib/thumb/v8-m.main+fp/hard\libcr_c.a(initio.o)
                0x0000558c                _initio
 .text._Cwritebuf
                0x00005604       0x70 C:/nxp/MCUXpressoIDE_25.6.136/ide/plugins/com.nxp.mcuxpresso.tools.win32_25.6.0.202501151204/tools/bin/../lib/gcc/arm-none-eabi/14.2.1/../../../../arm-none-eabi/lib/thumb/v8-m.main+fp/hard\libcr_c.a(_writebuf.o)
                0x00005604                _Cwritebuf
 .text.fflush   0x00005674       0x3c C:/nxp/MCUXpressoIDE_25.6.136/ide/plugins/com.nxp.mcuxpresso.tools.win32_25.6.0.202501151204/tools/bin/../lib/gcc/arm-none-eabi/14.2.1/../../../../arm-none-eabi/lib/thumb/v8-m.main+fp/hard\libcr_c.a(fflush.o)
                0x00005674                fflush
 .text.fseek    0x000056b0       0xf8 C:/nxp/MCUXpressoIDE_25.6.136/ide/plugins/com.nxp.mcuxpresso.tools.win32_25.6.0.202501151204/tools/bin/../lib/gcc/arm-none-eabi/14.2.1/../../../../arm-none-eabi/lib/thumb/v8-m.main+fp/hard\libcr_c.a(fseek.o)
                0x000056b0                fseek
 .text.ftell    0x000057a8       0x44 C:/nxp/MCUXpressoIDE_25.6.136/ide/plugins/com.nxp.mcuxpresso.tools.win32_25.6.0.202501151204/tools/bin/../lib/gcc/arm-none-eabi/14.2.1/../../../../arm-none-eabi/lib/thumb/v8-m.main+fp/hard\libcr_c.a(ftell.o)
                0x000057a8                ftell
 .text.__aeabi_dmul
                0x000057ec       0xfc C:/nxp/MCUXpressoIDE_25.6.136/ide/plugins/com.nxp.mcuxpresso.tools.win32_25.6.0.202501151204/tools/bin/../lib/gcc/arm-none-eabi/14.2.1/thumb/v8-m.main+fp/hard\libcr_eabihelpers.a(double.o)
                0x000057ec                __aeabi_dmul
 .text.__aeabi_f2d
                0x000058e8       0x38 C:/nxp/MCUXpressoIDE_25.6.136/ide/plugins/com.nxp.mcuxpresso.tools.win32_25.6.0.202501151204/tools/bin/../lib/gcc/arm-none-eabi/14.2.1/thumb/v8-m.main+fp/hard\libcr_eabihelpers.a(float.o)
                0x000058e8                __aeabi_f2d
 .text.PrintGetWidth
                0x00005920       0x6a ./utilities/str/fsl_str.o
 .text.PrintGetPrecision
                0x0000598a       0x8c ./utilities/str/fsl_str.o
 .text.PrintIsobpu
                0x00005a16       0x38 ./utilities/str/fsl_str.o
 .text.PrintIsdi
                0x00005a4e       0x2c ./utilities/str/fsl_str.o
 .text.PrintOutputdifFobpu
                0x00005a7a       0x44 ./utilities/str/fsl_str.o
 .text.PrintOutputxX
                0x00005abe       0x44 ./utilities/str/fsl_str.o
 .text.PrintIsfF
                0x00005b02       0x2c ./utilities/str/fsl_str.o
 .text.PrintIsxX
                0x00005b2e       0x2c ./utilities/str/fsl_str.o
 .text.PrintFilterLengthFlag
                0x00005b5a       0x3e ./utilities/str/fsl_str.o
 .text.PrintGetRadixFromobpu
                0x00005b98       0x40 ./utilities/str/fsl_str.o
 .text.ConvertRadixNumToString
                0x00005bd8       0xc2 ./utilities/str/fsl_str.o
 .text.StrFormatExaminedi
                0x00005c9a       0x26 ./utilities/str/fsl_str.o
 .text.StrFormatExaminexX
                0x00005cc0       0x26 ./utilities/str/fsl_str.o
 .text.StrFormatExamineobpu
                0x00005ce6       0x26 ./utilities/str/fsl_str.o
 .text.ConvertPrecisionWidthToLength
                0x00005d0c       0x20 ./utilities/str/fsl_str.o
 .text.StrFormatPrintf
                0x00005d2c      0x2bc ./utilities/str/fsl_str.o
                0x00005d2c                StrFormatPrintf
 .text.DbgConsole_PrintCallback
                0x00005fe8       0x66 ./utilities/debug_console/fsl_debug_console.o
 .text.DbgConsole_Printf
                0x0000604e       0x2c ./utilities/debug_console/fsl_debug_console.o
                0x0000604e                DbgConsole_Printf
 .text.fsl_assert_hook
                0x0000607a       0x1a ./utilities/fsl_assert.o
                0x0000607a                fsl_assert_hook
 .text.WDT_BOD_IRQHandler
                0x00006094        0x8 ./startup/startup_lpc55s16.o
                0x00006094                WDT_BOD_IRQHandler
 .text.DMA0_IRQHandler
                0x0000609c        0x8 ./startup/startup_lpc55s16.o
                0x0000609c                DMA0_IRQHandler
 .text.GINT0_IRQHandler
                0x000060a4        0x8 ./startup/startup_lpc55s16.o
                0x000060a4                GINT0_IRQHandler
 .text.GINT1_IRQHandler
                0x000060ac        0x8 ./startup/startup_lpc55s16.o
                0x000060ac                GINT1_IRQHandler
 .text.PIN_INT0_IRQHandler
                0x000060b4        0x8 ./startup/startup_lpc55s16.o
                0x000060b4                PIN_INT0_IRQHandler
 .text.PIN_INT1_IRQHandler
                0x000060bc        0x8 ./startup/startup_lpc55s16.o
                0x000060bc                PIN_INT1_IRQHandler
 .text.PIN_INT2_IRQHandler
                0x000060c4        0x8 ./startup/startup_lpc55s16.o
                0x000060c4                PIN_INT2_IRQHandler
 .text.PIN_INT3_IRQHandler
                0x000060cc        0x8 ./startup/startup_lpc55s16.o
                0x000060cc                PIN_INT3_IRQHandler
 .text.UTICK0_IRQHandler
                0x000060d4        0x8 ./startup/startup_lpc55s16.o
                0x000060d4                UTICK0_IRQHandler
 .text.MRT0_IRQHandler
                0x000060dc        0x8 ./startup/startup_lpc55s16.o
                0x000060dc                MRT0_IRQHandler
 .text.CTIMER0_IRQHandler
                0x000060e4        0x8 ./startup/startup_lpc55s16.o
                0x000060e4                CTIMER0_IRQHandler
 .text.CTIMER1_IRQHandler
                0x000060ec        0x8 ./startup/startup_lpc55s16.o
                0x000060ec                CTIMER1_IRQHandler
 .text.SCT0_IRQHandler
                0x000060f4        0x8 ./startup/startup_lpc55s16.o
                0x000060f4                SCT0_IRQHandler
 .text.CTIMER3_IRQHandler
                0x000060fc        0x8 ./startup/startup_lpc55s16.o
                0x000060fc                CTIMER3_IRQHandler
 .text.FLEXCOMM0_IRQHandler
                0x00006104        0x8 ./startup/startup_lpc55s16.o
                0x00006104                FLEXCOMM0_IRQHandler
 .text.FLEXCOMM3_IRQHandler
                0x0000610c        0x8 ./startup/startup_lpc55s16.o
                0x0000610c                FLEXCOMM3_IRQHandler
 .text.FLEXCOMM4_IRQHandler
                0x00006114        0x8 ./startup/startup_lpc55s16.o
                0x00006114                FLEXCOMM4_IRQHandler
 .text.FLEXCOMM5_IRQHandler
                0x0000611c        0x8 ./startup/startup_lpc55s16.o
                0x0000611c                FLEXCOMM5_IRQHandler
 .text.FLEXCOMM6_IRQHandler
                0x00006124        0x8 ./startup/startup_lpc55s16.o
                0x00006124                FLEXCOMM6_IRQHandler
 .text.FLEXCOMM7_IRQHandler
                0x0000612c        0x8 ./startup/startup_lpc55s16.o
                0x0000612c                FLEXCOMM7_IRQHandler
 .text.ADC0_IRQHandler
                0x00006134        0x8 ./startup/startup_lpc55s16.o
                0x00006134                ADC0_IRQHandler
 .text.Reserved39_IRQHandler
                0x0000613c        0x8 ./startup/startup_lpc55s16.o
                0x0000613c                Reserved39_IRQHandler
 .text.ACMP_IRQHandler
                0x00006144        0x8 ./startup/startup_lpc55s16.o
                0x00006144                ACMP_IRQHandler
 .text.Reserved41_IRQHandler
                0x0000614c        0x8 ./startup/startup_lpc55s16.o
                0x0000614c                Reserved41_IRQHandler
 .text.Reserved42_IRQHandler
                0x00006154        0x8 ./startup/startup_lpc55s16.o
                0x00006154                Reserved42_IRQHandler
 .text.USB0_NEEDCLK_IRQHandler
                0x0000615c        0x8 ./startup/startup_lpc55s16.o
                0x0000615c                USB0_NEEDCLK_IRQHandler
 .text.USB0_IRQHandler
                0x00006164        0x8 ./startup/startup_lpc55s16.o
                0x00006164                USB0_IRQHandler
 .text.RTC_IRQHandler
                0x0000616c        0x8 ./startup/startup_lpc55s16.o
                0x0000616c                RTC_IRQHandler
 .text.Reserved46_IRQHandler
                0x00006174        0x8 ./startup/startup_lpc55s16.o
                0x00006174                Reserved46_IRQHandler
 .text.Reserved47_IRQHandler
                0x0000617c        0x8 ./startup/startup_lpc55s16.o
                0x0000617c                Reserved47_IRQHandler
 .text.PIN_INT4_IRQHandler
                0x00006184        0x8 ./startup/startup_lpc55s16.o
                0x00006184                PIN_INT4_IRQHandler
 .text.PIN_INT5_IRQHandler
                0x0000618c        0x8 ./startup/startup_lpc55s16.o
                0x0000618c                PIN_INT5_IRQHandler
 .text.PIN_INT6_IRQHandler
                0x00006194        0x8 ./startup/startup_lpc55s16.o
                0x00006194                PIN_INT6_IRQHandler
 .text.PIN_INT7_IRQHandler
                0x0000619c        0x8 ./startup/startup_lpc55s16.o
                0x0000619c                PIN_INT7_IRQHandler
 .text.CTIMER2_IRQHandler
                0x000061a4        0x8 ./startup/startup_lpc55s16.o
                0x000061a4                CTIMER2_IRQHandler
 .text.CTIMER4_IRQHandler
                0x000061ac        0x8 ./startup/startup_lpc55s16.o
                0x000061ac                CTIMER4_IRQHandler
 .text.OS_EVENT_IRQHandler
                0x000061b4        0x8 ./startup/startup_lpc55s16.o
                0x000061b4                OS_EVENT_IRQHandler
 .text.Reserved55_IRQHandler
                0x000061bc        0x8 ./startup/startup_lpc55s16.o
                0x000061bc                Reserved55_IRQHandler
 .text.Reserved56_IRQHandler
                0x000061c4        0x8 ./startup/startup_lpc55s16.o
                0x000061c4                Reserved56_IRQHandler
 .text.Reserved57_IRQHandler
                0x000061cc        0x8 ./startup/startup_lpc55s16.o
                0x000061cc                Reserved57_IRQHandler
 .text.Reserved58_IRQHandler
                0x000061d4        0x8 ./startup/startup_lpc55s16.o
                0x000061d4                Reserved58_IRQHandler
 .text.CAN0_IRQ0_IRQHandler
                0x000061dc        0x8 ./startup/startup_lpc55s16.o
                0x000061dc                CAN0_IRQ0_IRQHandler
 .text.CAN0_IRQ1_IRQHandler
                0x000061e4        0x8 ./startup/startup_lpc55s16.o
                0x000061e4                CAN0_IRQ1_IRQHandler
 .text.Reserved61_IRQHandler
                0x000061ec        0x8 ./startup/startup_lpc55s16.o
                0x000061ec                Reserved61_IRQHandler
 .text.USB1_PHY_IRQHandler
                0x000061f4        0x8 ./startup/startup_lpc55s16.o
                0x000061f4                USB1_PHY_IRQHandler
 .text.USB1_IRQHandler
                0x000061fc        0x8 ./startup/startup_lpc55s16.o
                0x000061fc                USB1_IRQHandler
 .text.USB1_NEEDCLK_IRQHandler
                0x00006204        0x8 ./startup/startup_lpc55s16.o
                0x00006204                USB1_NEEDCLK_IRQHandler
 .text.SEC_HYPERVISOR_CALL_IRQHandler
                0x0000620c        0x8 ./startup/startup_lpc55s16.o
                0x0000620c                SEC_HYPERVISOR_CALL_IRQHandler
 .text.SEC_GPIO_INT0_IRQ0_IRQHandler
                0x00006214        0x8 ./startup/startup_lpc55s16.o
                0x00006214                SEC_GPIO_INT0_IRQ0_IRQHandler
 .text.SEC_GPIO_INT0_IRQ1_IRQHandler
                0x0000621c        0x8 ./startup/startup_lpc55s16.o
                0x0000621c                SEC_GPIO_INT0_IRQ1_IRQHandler
 .text.PLU_IRQHandler
                0x00006224        0x8 ./startup/startup_lpc55s16.o
                0x00006224                PLU_IRQHandler
 .text.SEC_VIO_IRQHandler
                0x0000622c        0x8 ./startup/startup_lpc55s16.o
                0x0000622c                SEC_VIO_IRQHandler
 .text.HASHCRYPT_IRQHandler
                0x00006234        0x8 ./startup/startup_lpc55s16.o
                0x00006234                HASHCRYPT_IRQHandler
 .text.CASER_IRQHandler
                0x0000623c        0x8 ./startup/startup_lpc55s16.o
                0x0000623c                CASER_IRQHandler
 .text.PUF_IRQHandler
                0x00006244        0x8 ./startup/startup_lpc55s16.o
                0x00006244                PUF_IRQHandler
 .text.Reserved73_IRQHandler
                0x0000624c        0x8 ./startup/startup_lpc55s16.o
                0x0000624c                Reserved73_IRQHandler
 .text.DMA1_IRQHandler
                0x00006254        0x8 ./startup/startup_lpc55s16.o
                0x00006254                DMA1_IRQHandler
 .text.FLEXCOMM8_IRQHandler
                0x0000625c        0x8 ./startup/startup_lpc55s16.o
                0x0000625c                FLEXCOMM8_IRQHandler
 .text.CDOG_IRQHandler
                0x00006264        0x8 ./startup/startup_lpc55s16.o
                0x00006264                CDOG_IRQHandler
 .text.HardFault_Handler
                0x0000626c       0x36 ./source/semihost_hardfault.o
                0x0000626c                HardFault_Handler
 .text.vPortSVCHandler_C
                0x000062a2       0x32 ./freertos/freertos-kernel/portable/GCC/ARM_CM33_NTZ/non_secure/port.o
                0x000062a2                vPortSVCHandler_C
 .text.ulSetInterruptMask
                0x000062d4       0x1a ./freertos/freertos-kernel/portable/GCC/ARM_CM33_NTZ/non_secure/portasm.o
                0x000062d4                ulSetInterruptMask
 .text.vClearInterruptMask
                0x000062ee       0x10 ./freertos/freertos-kernel/portable/GCC/ARM_CM33_NTZ/non_secure/portasm.o
                0x000062ee                vClearInterruptMask
 .text.vListInitialise
                0x000062fe       0x40 ./freertos/freertos-kernel/list.o
                0x000062fe                vListInitialise
 .text.vListInitialiseItem
                0x0000633e       0x1a ./freertos/freertos-kernel/list.o
                0x0000633e                vListInitialiseItem
 .text.vListInsertEnd
                0x00006358       0x48 ./freertos/freertos-kernel/list.o
                0x00006358                vListInsertEnd
 .text.vListInsert
                0x000063a0       0x72 ./freertos/freertos-kernel/list.o
                0x000063a0                vListInsert
 .text.uxListRemove
                0x00006412       0x54 ./freertos/freertos-kernel/list.o
                0x00006412                uxListRemove
 .text.xQueueGenericReset
                0x00006466       0xf2 ./freertos/freertos-kernel/queue.o
                0x00006466                xQueueGenericReset
 .text.xQueueGenericCreate
                0x00006558       0x8e ./freertos/freertos-kernel/queue.o
                0x00006558                xQueueGenericCreate
 .text.prvInitialiseNewQueue
                0x000065e6       0x46 ./freertos/freertos-kernel/queue.o
 .text.prvInitialiseMutex
                0x0000662c       0x34 ./freertos/freertos-kernel/queue.o
 .text.xQueueCreateMutex
                0x00006660       0x30 ./freertos/freertos-kernel/queue.o
                0x00006660                xQueueCreateMutex
 .text.xQueueGenericSend
                0x00006690      0x19a ./freertos/freertos-kernel/queue.o
                0x00006690                xQueueGenericSend
 .text.xQueueGiveFromISR
                0x0000682a       0xf0 ./freertos/freertos-kernel/queue.o
                0x0000682a                xQueueGiveFromISR
 .text.xQueueReceive
                0x0000691a      0x178 ./freertos/freertos-kernel/queue.o
                0x0000691a                xQueueReceive
 .text.xQueueSemaphoreTake
                0x00006a92      0x1b4 ./freertos/freertos-kernel/queue.o
                0x00006a92                xQueueSemaphoreTake
 .text.vQueueDelete
                0x00006c46       0x2e ./freertos/freertos-kernel/queue.o
                0x00006c46                vQueueDelete
 .text.prvGetDisinheritPriorityAfterTimeout
                0x00006c74       0x30 ./freertos/freertos-kernel/queue.o
 .text.prvCopyDataToQueue
                0x00006ca4       0xd4 ./freertos/freertos-kernel/queue.o
 .text.prvCopyDataFromQueue
                0x00006d78       0x4c ./freertos/freertos-kernel/queue.o
 .text.prvUnlockQueue
                0x00006dc4       0xa4 ./freertos/freertos-kernel/queue.o
 .text.prvIsQueueEmpty
                0x00006e68       0x2c ./freertos/freertos-kernel/queue.o
 .text.prvIsQueueFull
                0x00006e94       0x30 ./freertos/freertos-kernel/queue.o
 .text.vQueueWaitForMessageRestricted
                0x00006ec4       0x68 ./freertos/freertos-kernel/queue.o
                0x00006ec4                vQueueWaitForMessageRestricted
 .text.prvCreateTask
                0x00006f2c       0x78 ./freertos/freertos-kernel/tasks.o
 .text.xTaskCreate
                0x00006fa4       0x46 ./freertos/freertos-kernel/tasks.o
                0x00006fa4                xTaskCreate
 .text.prvInitialiseNewTask
                0x00006fea      0x104 ./freertos/freertos-kernel/tasks.o
 .text.prvDeleteTCB
                0x000070ee       0x20 ./freertos/freertos-kernel/tasks.o
 .text.prvReloadTimer
                0x0000710e       0x42 ./freertos/freertos-kernel/timers.o
 .text.prvTimerTask
                0x00007150       0x26 ./freertos/freertos-kernel/timers.o
 .text.CLOCK_IsPLL0Locked
                0x00007176       0x24 ./drivers/fsl_clock.o
 .text.findPll0PreDiv
                0x0000719a       0x3e ./drivers/fsl_clock.o
 .text.DelayLoop
                0x000071d8       0x20 ./drivers/fsl_common_arm.o
 .text.CLOCK_EnableClock
                0x000071f8       0x30 ./drivers/fsl_flexcomm.o
 .text.FLEXCOMM_PeripheralIsPresent
                0x00007228       0x64 ./drivers/fsl_flexcomm.o
 .text.FLEXCOMM_SetPeriph
                0x0000728c       0x74 ./drivers/fsl_flexcomm.o
 .text.CLOCK_EnableClock
                0x00007300       0x30 ./drivers/fsl_mcan.o
 .text.EnableIRQ
                0x00007330       0x32 ./drivers/fsl_mcan.o
 .text.MCAN_EnterInitialMode
                0x00007362       0x3a ./drivers/fsl_mcan.o
 .text.MCAN_EnterNormalMode
                0x0000739c       0x30 ./drivers/fsl_mcan.o
 .text.MCAN_GetMsgRAMBase
                0x000073cc       0x1a ./drivers/fsl_mcan.o
 .text.MCAN_ClearStatusFlag
                0x000073e6       0x1c ./drivers/fsl_mcan.o
 .text.MCAN_EnableInterrupts
                0x00007402       0x58 ./drivers/fsl_mcan.o
 .text.MCAN_EnableTransmitBufferInterrupts
                0x0000745a       0x2e ./drivers/fsl_mcan.o
 .text.MCAN_DisableTransmitBufferInterrupts
                0x00007488       0x30 ./drivers/fsl_mcan.o
 .text.MCAN_DisableInterrupts
                0x000074b8       0x24 ./drivers/fsl_mcan.o
 .text.MCAN_TransmitAddRequest
                0x000074dc       0x24 ./drivers/fsl_mcan.o
 .text.MCAN_TransmitCancelRequest
                0x00007500       0x24 ./drivers/fsl_mcan.o
 .text.MCAN_Reset
                0x00007524       0x3a ./drivers/fsl_mcan.o
 .text.MCAN_CalculateSegments
                0x0000755e       0x7a ./drivers/fsl_mcan.o
 .text.MCAN_SetFilterConfig
                0x000075d8       0xae ./drivers/fsl_mcan.o
                0x000075d8                MCAN_SetFilterConfig
 .text.MCAN_SetRxFifo0Config
                0x00007686       0x64 ./drivers/fsl_mcan.o
                0x00007686                MCAN_SetRxFifo0Config
 .text.MCAN_SetRxFifo1Config
                0x000076ea       0x66 ./drivers/fsl_mcan.o
                0x000076ea                MCAN_SetRxFifo1Config
 .text.MCAN_SetRxBufferConfig
                0x00007750       0x46 ./drivers/fsl_mcan.o
                0x00007750                MCAN_SetRxBufferConfig
 .text.MCAN_SetTxEventFifoConfig
                0x00007796       0x46 ./drivers/fsl_mcan.o
                0x00007796                MCAN_SetTxEventFifoConfig
 .text.MCAN_SetMessageRamConfig
                0x000077dc      0x2b4 ./drivers/fsl_mcan.o
                0x000077dc                MCAN_SetMessageRamConfig
 .text.MCAN_SetSTDFilterElement
                0x00007a90       0x3a ./drivers/fsl_mcan.o
                0x00007a90                MCAN_SetSTDFilterElement
 .text.MCAN_GetRxFifo0ElementAddress
                0x00007aca       0x60 ./drivers/fsl_mcan.o
 .text.MCAN_GetRxFifo1ElementAddress
                0x00007b2a       0x62 ./drivers/fsl_mcan.o
 .text.MCAN_IsTransmitRequestPending
                0x00007b8c       0x2e ./drivers/fsl_mcan.o
                0x00007b8c                MCAN_IsTransmitRequestPending
 .text.MCAN_IsTransmitOccurred
                0x00007bba       0x2e ./drivers/fsl_mcan.o
                0x00007bba                MCAN_IsTransmitOccurred
 .text.lowpower_set_voltage_for_process
                0x00007be8       0xaa ./drivers/fsl_power.o
 .text.RESET_PeripheralReset
                0x00007c92       0x1c ./drivers/fsl_reset.o
                0x00007c92                RESET_PeripheralReset
 .text.USART_EnableContinuousSCLK
                0x00007cae       0x38 ./drivers/fsl_usart.o
 .text.SystemInitHook
                0x00007ce6        0xe ./device/system_LPC55S16.o
                0x00007ce6                SystemInitHook
 .text.HAL_UartGetStatus
                0x00007cf4       0x22 ./component/uart/fsl_adapter_usart.o
 .text.HAL_UartInit
                0x00007d16       0x36 ./component/uart/fsl_adapter_usart.o
                0x00007d16                HAL_UartInit
 .text.DisableGlobalIRQ
                0x00007d4c       0x22 ./component/serial_manager/fsl_component_serial_manager.o
 .text.EnableGlobalIRQ
                0x00007d6e       0x20 ./component/serial_manager/fsl_component_serial_manager.o
 .text.SerialManager_StartWriting
                0x00007d8e       0x38 ./component/serial_manager/fsl_component_serial_manager.o
 .text.SerialManager_Write
                0x00007dc6       0x44 ./component/serial_manager/fsl_component_serial_manager.o
 .text.SerialManager_Init
                0x00007e0a       0x60 ./component/serial_manager/fsl_component_serial_manager.o
                0x00007e0a                SerialManager_Init
 .text.SerialManager_OpenWriteHandle
                0x00007e6a       0x50 ./component/serial_manager/fsl_component_serial_manager.o
                0x00007e6a                SerialManager_OpenWriteHandle
 .text.SerialManager_OpenReadHandle
                0x00007eba       0x60 ./component/serial_manager/fsl_component_serial_manager.o
                0x00007eba                SerialManager_OpenReadHandle
 .text.SerialManager_WriteBlocking
                0x00007f1a       0x20 ./component/serial_manager/fsl_component_serial_manager.o
                0x00007f1a                SerialManager_WriteBlocking
 .text.Serial_UartInit
                0x00007f3a       0x3e ./component/serial_manager/fsl_component_serial_port_uart.o
                0x00007f3a                Serial_UartInit
 .text.Serial_UartWrite
                0x00007f78       0x38 ./component/serial_manager/fsl_component_serial_port_uart.o
                0x00007f78                Serial_UartWrite
 .text.BOARD_InitBootClocks
                0x00007fb0        0xc ./board/clock_config.o
                0x00007fb0                BOARD_InitBootClocks
 .text.BOARD_InitPeripherals
                0x00007fbc        0xe ./board/peripherals.o
                0x00007fbc                BOARD_InitPeripherals
 .text.BOARD_InitBootPeripherals
                0x00007fca        0xc ./board/peripherals.o
                0x00007fca                BOARD_InitBootPeripherals
 .text.CLOCK_EnableClock
                0x00007fd6       0x30 ./board/pin_mux.o
 .text.IOCON_PinMuxSet
                0x00008006       0x2e ./board/pin_mux.o
 .text.BOARD_InitBootPins
                0x00008034        0xc ./board/pin_mux.o
                0x00008034                BOARD_InitBootPins
 .text.cob_id_request
                0x00008040       0x1c ./app_saks_m/protocols/src/winstar_canopen.o
 .text.sdo_get_index
                0x0000805c       0x1e ./app_saks_m/protocols/src/winstar_canopen.o
 .text.winstar_init_peripheral
                0x0000807a       0x28 ./app_saks_m/protocols/src/winstar_canopen.o
                0x0000807a                winstar_init_peripheral
 .text.winstar_set_ind_value
                0x000080a2       0x3a ./app_saks_m/protocols/src/winstar_canopen.o
                0x000080a2                winstar_set_ind_value
 .text.winstar_set_text_float
                0x000080dc       0x64 ./app_saks_m/protocols/src/winstar_canopen.o
                0x000080dc                winstar_set_text_float
 .text.winstar_set_text_string
                0x00008140       0x3c ./app_saks_m/protocols/src/winstar_canopen.o
                0x00008140                winstar_set_text_string
 .text.winstar_set_text_integer
                0x0000817c       0x62 ./app_saks_m/protocols/src/winstar_canopen.o
                0x0000817c                winstar_set_text_integer
 .text.sdo_expedited_write
                0x000081de      0x148 ./app_saks_m/protocols/src/winstar_canopen.o
 .text.sdo_segment_write
                0x00008326      0x278 ./app_saks_m/protocols/src/winstar_canopen.o
 .text.sdo_explicit_write
                0x0000859e       0x7e ./app_saks_m/protocols/src/winstar_canopen.o
 .text.winstar_send_receive_msg
                0x0000861c       0x58 ./app_saks_m/protocols/src/winstar_canopen.o
 .text.winstar_evaluate_response
                0x00008674       0x62 ./app_saks_m/protocols/src/winstar_canopen.o
 .text.convert_to_utf16
                0x000086d6       0x5a ./app_saks_m/protocols/src/winstar_canopen.o
 .text.winstar_send_to_lcd
                0x00008730       0x68 ./app_saks_m/protocols/src/winstar_canopen.o
 .text.mcan_rtos_transfer_send_receive
                0x00008798      0x228 ./app_saks_m/drivers/src/can_freertos.o
                0x00008798                mcan_rtos_transfer_send_receive
 .text.USART_GetStatusFlags
                0x000089c0       0x3c ./app_saks_m/drivers/src/uart_freertos.o
 .text.USART_ReadByte
                0x000089fc       0x1c ./app_saks_m/drivers/src/uart_freertos.o
 .text.rb_push_from_isr
                0x00008a18       0x62 ./app_saks_m/drivers/src/uart_freertos.o
 .text.app_saks_mod_init
                0x00008a7a       0x10 ./app_saks_m/app/src/app_saksm.o
                0x00008a7a                app_saks_mod_init
 .text.__main   0x00008a8a        0xe C:/nxp/MCUXpressoIDE_25.6.136/ide/plugins/com.nxp.mcuxpresso.tools.win32_25.6.0.202501151204/tools/bin/../lib/gcc/arm-none-eabi/14.2.1/../../../../arm-none-eabi/lib/thumb/v8-m.main+fp/hard\libcr_nohost.a(_cr__main.o)
                0x00008a8a                __main
 .text.memcpy   0x00008a98        0x4 C:/nxp/MCUXpressoIDE_25.6.136/ide/plugins/com.nxp.mcuxpresso.tools.win32_25.6.0.202501151204/tools/bin/../lib/gcc/arm-none-eabi/14.2.1/../../../../arm-none-eabi/lib/thumb/v8-m.main+fp/hard\libcr_c.a(memcpy.o)
                0x00008a98                memcpy
 .text.memset   0x00008a9c        0x4 C:/nxp/MCUXpressoIDE_25.6.136/ide/plugins/com.nxp.mcuxpresso.tools.win32_25.6.0.202501151204/tools/bin/../lib/gcc/arm-none-eabi/14.2.1/../../../../arm-none-eabi/lib/thumb/v8-m.main+fp/hard\libcr_c.a(memset.o)
                0x00008a9c                memset
 .text.free     0x00008aa0       0x30 C:/nxp/MCUXpressoIDE_25.6.136/ide/plugins/com.nxp.mcuxpresso.tools.win32_25.6.0.202501151204/tools/bin/../lib/gcc/arm-none-eabi/14.2.1/../../../../arm-none-eabi/lib/thumb/v8-m.main+fp/hard\libcr_c.a(alloc.o)
                0x00008aa0                free
 .text.setvbuf  0x00008ad0       0x3e C:/nxp/MCUXpressoIDE_25.6.136/ide/plugins/com.nxp.mcuxpresso.tools.win32_25.6.0.202501151204/tools/bin/../lib/gcc/arm-none-eabi/14.2.1/../../../../arm-none-eabi/lib/thumb/v8-m.main+fp/hard\libcr_c.a(setvbuf.o)
                0x00008ad0                setvbuf
 .text.strlen   0x00008b0e       0x4e C:/nxp/MCUXpressoIDE_25.6.136/ide/plugins/com.nxp.mcuxpresso.tools.win32_25.6.0.202501151204/tools/bin/../lib/gcc/arm-none-eabi/14.2.1/../../../../arm-none-eabi/lib/thumb/v8-m.main+fp/hard\libcr_c.a(strlen.o)
                0x00008b0e                strlen
 .text._deferredlazyseek
                0x00008b5c       0x40 C:/nxp/MCUXpressoIDE_25.6.136/ide/plugins/com.nxp.mcuxpresso.tools.win32_25.6.0.202501151204/tools/bin/../lib/gcc/arm-none-eabi/14.2.1/../../../../arm-none-eabi/lib/thumb/v8-m.main+fp/hard\libcr_c.a(_deferredlazyseek.o)
                0x00008b5c                _deferredlazyseek
 .text._fdopen  0x00008b9c       0x68 C:/nxp/MCUXpressoIDE_25.6.136/ide/plugins/com.nxp.mcuxpresso.tools.win32_25.6.0.202501151204/tools/bin/../lib/gcc/arm-none-eabi/14.2.1/../../../../arm-none-eabi/lib/thumb/v8-m.main+fp/hard\libcr_c.a(_fdopen.o)
                0x00008b9c                _fdopen
 .text._fflush  0x00008c04       0x52 C:/nxp/MCUXpressoIDE_25.6.136/ide/plugins/com.nxp.mcuxpresso.tools.win32_25.6.0.202501151204/tools/bin/../lib/gcc/arm-none-eabi/14.2.1/../../../../arm-none-eabi/lib/thumb/v8-m.main+fp/hard\libcr_c.a(_fflush.o)
                0x00008c04                _fflush
 .text.fclose   0x00008c56       0x58 C:/nxp/MCUXpressoIDE_25.6.136/ide/plugins/com.nxp.mcuxpresso.tools.win32_25.6.0.202501151204/tools/bin/../lib/gcc/arm-none-eabi/14.2.1/../../../../arm-none-eabi/lib/thumb/v8-m.main+fp/hard\libcr_c.a(fclose.o)
                0x00008c56                fclose
 .text.remove   0x00008cae       0x14 C:/nxp/MCUXpressoIDE_25.6.136/ide/plugins/com.nxp.mcuxpresso.tools.win32_25.6.0.202501151204/tools/bin/../lib/gcc/arm-none-eabi/14.2.1/../../../../arm-none-eabi/lib/thumb/v8-m.main+fp/hard\libcr_c.a(remove.o)
                0x00008cae                remove
 .text._do_fflush
                0x00008cc2       0x40 C:/nxp/MCUXpressoIDE_25.6.136/ide/plugins/com.nxp.mcuxpresso.tools.win32_25.6.0.202501151204/tools/bin/../lib/gcc/arm-none-eabi/14.2.1/../../../../arm-none-eabi/lib/thumb/v8-m.main+fp/hard\libcr_c.a(_do_fflush.o)
                0x00008cc2                _do_fflush
 .text.__aeabi_division_uldivmod
                0x00008d02      0x174 C:/nxp/MCUXpressoIDE_25.6.136/ide/plugins/com.nxp.mcuxpresso.tools.win32_25.6.0.202501151204/tools/bin/../lib/gcc/arm-none-eabi/14.2.1/thumb/v8-m.main+fp/hard\libcr_eabihelpers.a(division_64.o)
                0x00008d02                __aeabi_uldivmod
                0x00008d06                __bhs_ldivmod1
 .text.__aeabi_division_idiv0
                0x00008e76        0x2 C:/nxp/MCUXpressoIDE_25.6.136/ide/plugins/com.nxp.mcuxpresso.tools.win32_25.6.0.202501151204/tools/bin/../lib/gcc/arm-none-eabi/14.2.1/thumb/v8-m.main+fp/hard\libcr_eabihelpers.a(division_idiv0.o)
                0x00008e76                __aeabi_idiv0
 .text.__aeabi_d2iz
                0x00008e78       0x42 C:/nxp/MCUXpressoIDE_25.6.136/ide/plugins/com.nxp.mcuxpresso.tools.win32_25.6.0.202501151204/tools/bin/../lib/gcc/arm-none-eabi/14.2.1/thumb/v8-m.main+fp/hard\libcr_eabihelpers.a(double.o)
                0x00008e78                __aeabi_d2iz
 .text.__aeabi_memcpy
                0x00008eba       0x34 C:/nxp/MCUXpressoIDE_25.6.136/ide/plugins/com.nxp.mcuxpresso.tools.win32_25.6.0.202501151204/tools/bin/../lib/gcc/arm-none-eabi/14.2.1/thumb/v8-m.main+fp/hard\libcr_eabihelpers.a(memcpy.o)
                0x00008eba                __aeabi_memcpy
                0x00008ec4                __aeabi_memcpy8
                0x00008ec4                __aeabi_memcpy4
 .text.__aeabi_memset_lowlevel
                0x00008eee       0x32 C:/nxp/MCUXpressoIDE_25.6.136/ide/plugins/com.nxp.mcuxpresso.tools.win32_25.6.0.202501151204/tools/bin/../lib/gcc/arm-none-eabi/14.2.1/thumb/v8-m.main+fp/hard\libcr_eabihelpers.a(memcpy.o)
                0x00008eee                __aeabi_lowlevel_memset
 .text.__sys_close
                0x00008f20        0x6 C:/nxp/MCUXpressoIDE_25.6.136/ide/plugins/com.nxp.mcuxpresso.tools.win32_25.6.0.202501151204/tools/bin/../lib/gcc/arm-none-eabi/14.2.1/../../../../arm-none-eabi/lib/thumb/v8-m.main+fp/hard\libcr_nohost.a(__sys_close.o)
                0x00008f20                __sys_close
 .text.__sys_flen
                0x00008f26        0x6 C:/nxp/MCUXpressoIDE_25.6.136/ide/plugins/com.nxp.mcuxpresso.tools.win32_25.6.0.202501151204/tools/bin/../lib/gcc/arm-none-eabi/14.2.1/../../../../arm-none-eabi/lib/thumb/v8-m.main+fp/hard\libcr_nohost.a(__sys_flen.o)
                0x00008f26                __sys_flen
 .text.__sys_istty
                0x00008f2c        0x6 C:/nxp/MCUXpressoIDE_25.6.136/ide/plugins/com.nxp.mcuxpresso.tools.win32_25.6.0.202501151204/tools/bin/../lib/gcc/arm-none-eabi/14.2.1/../../../../arm-none-eabi/lib/thumb/v8-m.main+fp/hard\libcr_nohost.a(__sys_istty.o)
                0x00008f2c                __sys_istty
 .text.__sys_remove
                0x00008f32        0x6 C:/nxp/MCUXpressoIDE_25.6.136/ide/plugins/com.nxp.mcuxpresso.tools.win32_25.6.0.202501151204/tools/bin/../lib/gcc/arm-none-eabi/14.2.1/../../../../arm-none-eabi/lib/thumb/v8-m.main+fp/hard\libcr_nohost.a(__sys_remove.o)
                0x00008f32                __sys_remove
 .text.__sys_seek
                0x00008f38        0x6 C:/nxp/MCUXpressoIDE_25.6.136/ide/plugins/com.nxp.mcuxpresso.tools.win32_25.6.0.202501151204/tools/bin/../lib/gcc/arm-none-eabi/14.2.1/../../../../arm-none-eabi/lib/thumb/v8-m.main+fp/hard\libcr_nohost.a(__sys_seek.o)
                0x00008f38                __sys_seek
 .text.__sys_tmpnam
                0x00008f3e        0x6 C:/nxp/MCUXpressoIDE_25.6.136/ide/plugins/com.nxp.mcuxpresso.tools.win32_25.6.0.202501151204/tools/bin/../lib/gcc/arm-none-eabi/14.2.1/../../../../arm-none-eabi/lib/thumb/v8-m.main+fp/hard\libcr_nohost.a(__sys_tmpnam.o)
                0x00008f3e                __sys_tmpnam
 .text.__sys_write
                0x00008f44        0x4 C:/nxp/MCUXpressoIDE_25.6.136/ide/plugins/com.nxp.mcuxpresso.tools.win32_25.6.0.202501151204/tools/bin/../lib/gcc/arm-none-eabi/14.2.1/../../../../arm-none-eabi/lib/thumb/v8-m.main+fp/hard\libcr_nohost.a(__sys_write.o)
                0x00008f44                __sys_write
 *freertos*/tasks.o(SORT_BY_ALIGNMENT(.rodata*))
 .rodata.uxTopUsedPriority
                0x00008f48        0x4 ./freertos/freertos-kernel/tasks.o
 .rodata.prvCreateIdleTasks.str1.4
                0x00008f4c        0x5 ./freertos/freertos-kernel/tasks.o
 *(SORT_BY_ALIGNMENT(.rodata) SORT_BY_ALIGNMENT(.rodata.*) SORT_BY_ALIGNMENT(.constdata) SORT_BY_ALIGNMENT(.constdata.*))
 .rodata.__assertion_failed.str1.4
                0x00008f4c      0xa11 ./utilities/fsl_assert.o
                                 0x14 (size before relaxing)
 .rodata.main.str1.4
                0x0000995d       0x10 ./source/SAKs_Mod_V0.o
 .rodata.xTimerCreateTimerTask.str1.4
                0x0000995d        0x8 ./freertos/freertos-kernel/timers.o
 .rodata.prvCheckForValidListAndQueue.str1.4
                0x0000995d        0x5 ./freertos/freertos-kernel/timers.o
 *fill*         0x0000995d        0x3 ff
 .rodata.IntervalList
                0x00009960       0x60 ./drivers/fsl_clock.o
 .rodata.SDK_DelayAtLeastUs.str1.4
                0x000099c0       0x2b ./drivers/fsl_common_arm.o
 .rodata.s_flexcommBaseAddrs
                0x000099c0       0x24 ./drivers/fsl_flexcomm.o
 .rodata.s_flexcommClocks
                0x000099e4       0x12 ./drivers/fsl_flexcomm.o
 *fill*         0x000099f6        0x2 ff
 .rodata.s_flexcommResets
                0x000099f8       0x24 ./drivers/fsl_flexcomm.o
 .rodata.FLEXCOMM_GetInstance.str1.4
                0x00009a1c       0x41 ./drivers/fsl_flexcomm.o
 .rodata.FLEXCOMM0_DriverIRQHandler.str1.4
                0x00009a1c       0x3c ./drivers/fsl_flexcomm.o
 .rodata.FLEXCOMM3_DriverIRQHandler.str1.4
                0x00009a1c       0x3c ./drivers/fsl_flexcomm.o
 .rodata.FLEXCOMM4_DriverIRQHandler.str1.4
                0x00009a1c       0x3c ./drivers/fsl_flexcomm.o
 .rodata.FLEXCOMM5_DriverIRQHandler.str1.4
                0x00009a1c       0x3c ./drivers/fsl_flexcomm.o
 .rodata.FLEXCOMM6_DriverIRQHandler.str1.4
                0x00009a1c       0x3c ./drivers/fsl_flexcomm.o
 .rodata.FLEXCOMM7_DriverIRQHandler.str1.4
                0x00009a1c       0x3c ./drivers/fsl_flexcomm.o
 .rodata.FLEXCOMM8_DriverIRQHandler.str1.4
                0x00009a1c       0x3c ./drivers/fsl_flexcomm.o
 .rodata.MCAN_SetMsgRAMBase.str1.4
                0x00009a1c       0x7a ./drivers/fsl_mcan.o
 .rodata.s_mcanIRQ
                0x00009a1c        0x2 ./drivers/fsl_mcan.o
 .rodata.MCAN_GetInstance.str1.4
                0x00009a1e       0x34 ./drivers/fsl_mcan.o
 .rodata.MCAN_Init.str1.4
                0x00009a1e       0x78 ./drivers/fsl_mcan.o
 .rodata.MCAN_GetDefaultConfig.str1.4
                0x00009a1e       0x20 ./drivers/fsl_mcan.o
 .rodata.MCAN_SetDataTimingConfig.str1.4
                0x00009a1e       0x20 ./drivers/fsl_mcan.o
 .rodata.MCAN_CalculateImprovedTimingValues.str1.4
                0x00009a1e       0x2f ./drivers/fsl_mcan.o
 .rodata.MCAN_SetArbitrationTimingConfig.str1.4
                0x00009a1e       0x21 ./drivers/fsl_mcan.o
 .rodata.MCAN_SetTxBufferConfig.str1.4
                0x00009a1e       0x42 ./drivers/fsl_mcan.o
 .rodata.MCAN_GetTxBufferElementAddress.str1.4
                0x00009a1e       0x1d ./drivers/fsl_mcan.o
 .rodata.MCAN_WriteTxBuffer.str1.4
                0x00009a1e       0x23 ./drivers/fsl_mcan.o
 .rodata.MCAN_ReadRxFifo.str1.4
                0x00009a1e       0x5f ./drivers/fsl_mcan.o
 .rodata.MCAN_TransferCreateHandle.str1.4
                0x00009a1e       0x21 ./drivers/fsl_mcan.o
 .rodata.MCAN_TransferSendNonBlocking.str1.4
                0x00009a1e       0x6d ./drivers/fsl_mcan.o
 .rodata.MCAN_TransferReceiveFifoNonBlocking.str1.4
                0x00009a1e       0x7f ./drivers/fsl_mcan.o
 .rodata.MCAN_TransferAbortSend.str1.4
                0x00009a1e       0x47 ./drivers/fsl_mcan.o
 .rodata.MCAN_TransferAbortReceiveFifo.str1.4
                0x00009a1e       0x5d ./drivers/fsl_mcan.o
 .rodata.MCAN_TransferHandleIRQ.str1.4
                0x00009a1e       0x21 ./drivers/fsl_mcan.o
 .rodata.CAN0_IRQ0_DriverIRQHandler.str1.4
                0x00009a1e       0x2a ./drivers/fsl_mcan.o
 .rodata.CAN0_IRQ1_DriverIRQHandler.str1.4
                0x00009a1e       0x2a ./drivers/fsl_mcan.o
 .rodata.RESET_SetPeripheralReset.str1.4
                0x00009a1e       0x1e ./drivers/fsl_reset.o
 .rodata.RESET_ClearPeripheralReset.str1.4
                0x00009a1e       0x1e ./drivers/fsl_reset.o
 .rodata.USART_Init.str1.4
                0x00009a1e       0x4f ./drivers/fsl_usart.o
 .rodata.USART_GetDefaultConfig.str1.4
                0x00009a1e       0x21 ./drivers/fsl_usart.o
 .rodata.USART_SetBaudRate.str1.4
                0x00009a1e       0x53 ./drivers/fsl_usart.o
 .rodata.USART_WriteBlocking.str1.4
                0x00009a1e       0x36 ./drivers/fsl_usart.o
 *fill*         0x00009a1e        0x2 ff
 .rodata.s_UsartAdapterBase
                0x00009a20       0x20 ./component/uart/fsl_adapter_usart.o
 .rodata.HAL_UartInitCommon.str1.4
                0x00009a40       0xeb ./component/uart/fsl_adapter_usart.o
 .rodata.HAL_UartSendBlocking.str1.4
                0x00009a40       0x65 ./component/uart/fsl_adapter_usart.o
 .rodata.init_dummie.str1.4
                0x00009a40        0xc ./app_saks_m/app/src/app_saksm.o
 .rodata.task_dummie.str1.4
                0x00009a40       0x45 ./app_saks_m/app/src/app_saksm.o
 .rodata.__num_Ciob_streams
                0x00009a40        0x4 C:/nxp/MCUXpressoIDE_25.6.136/ide/plugins/com.nxp.mcuxpresso.tools.win32_25.6.0.202501151204/tools/bin/../lib/gcc/arm-none-eabi/14.2.1/../../../../arm-none-eabi/lib/thumb/v8-m.main+fp/hard\libcr_nohost.a(__ciob.o)
                0x00009a40                __num_Ciob_streams
 .rodata._initio.str1.1
                0x00009a44        0x4 C:/nxp/MCUXpressoIDE_25.6.136/ide/plugins/com.nxp.mcuxpresso.tools.win32_25.6.0.202501151204/tools/bin/../lib/gcc/arm-none-eabi/14.2.1/../../../../arm-none-eabi/lib/thumb/v8-m.main+fp/hard\libcr_c.a(initio.o)
                0x00009b2c                        . = ALIGN (0x4)

.glue_7         0x00009a48        0x0
 .glue_7        0x00009a48        0x0 linker stubs

.glue_7t        0x00009a48        0x0
 .glue_7t       0x00009a48        0x0 linker stubs

.vfp11_veneer   0x00009a48        0x0
 .vfp11_veneer  0x00009a48        0x0 linker stubs

.v4_bx          0x00009a48        0x0
 .v4_bx         0x00009a48        0x0 linker stubs

.iplt           0x00009a48        0x0
 .iplt          0x00009a48        0x0 ./utilities/str/fsl_str.o

.rel.dyn        0x00009a48        0x0
 .rel.iplt      0x00009a48        0x0 ./utilities/str/fsl_str.o

.ARM.extab
 *(SORT_BY_ALIGNMENT(.ARM.extab*) SORT_BY_ALIGNMENT(.gnu.linkonce.armextab.*))

.ARM.exidx      0x00009a48        0x0
                0x00009a48                        __exidx_start = .
 *(SORT_BY_ALIGNMENT(.ARM.exidx*) SORT_BY_ALIGNMENT(.gnu.linkonce.armexidx.*))
                0x00009a48                        __exidx_end = .
                0x00009a48                        _etext = .

.m_usb_data
 *(SORT_BY_ALIGNMENT(m_usb_global))

.data_RAM2      0x20010000        0x0 load address 0x00009a48
 FILL mask 0xff
                [!provide]                        PROVIDE (__start_data_RAM2 = .)
                [!provide]                        PROVIDE (__start_data_USB_RAM = .)
 *(SORT_BY_ALIGNMENT(.ramfunc.$RAM2))
 *(SORT_BY_ALIGNMENT(.ramfunc.$USB_RAM))
 *(SORT_BY_ALIGNMENT(.data.$RAM2))
 *(SORT_BY_ALIGNMENT(.data.$USB_RAM))
 *(SORT_BY_ALIGNMENT(.data.$RAM2.*))
 *(SORT_BY_ALIGNMENT(.data.$USB_RAM.*))
                0x20010000                        . = ALIGN (0x4)
                [!provide]                        PROVIDE (__end_data_RAM2 = .)
                [!provide]                        PROVIDE (__end_data_USB_RAM = .)

.data_RAM3      0x04000000        0x0 load address 0x00009a48
 FILL mask 0xff
                [!provide]                        PROVIDE (__start_data_RAM3 = .)
                [!provide]                        PROVIDE (__start_data_SRAMX = .)
 *(SORT_BY_ALIGNMENT(.ramfunc.$RAM3))
 *(SORT_BY_ALIGNMENT(.ramfunc.$SRAMX))
 *(SORT_BY_ALIGNMENT(.data.$RAM3))
 *(SORT_BY_ALIGNMENT(.data.$SRAMX))
 *(SORT_BY_ALIGNMENT(.data.$RAM3.*))
 *(SORT_BY_ALIGNMENT(.data.$SRAMX.*))
                0x04000000                        . = ALIGN (0x4)
                [!provide]                        PROVIDE (__end_data_RAM3 = .)
                [!provide]                        PROVIDE (__end_data_SRAMX = .)

.uninit_RESERVED
                0x20000000        0x0
                0x20000000                        _start_uninit_RESERVED = .
 *(SORT_BY_ALIGNMENT(.bss.$RESERVED*))
                0x20000000                        . = ALIGN (0x4)
                0x20000000                        _end_uninit_RESERVED = .

.data           0x20000000       0x10 load address 0x00009a48
 FILL mask 0xff
                0x20000000                        _data = .
                [!provide]                        PROVIDE (__start_data_RAM = .)
                [!provide]                        PROVIDE (__start_data_SRAM = .)
 *(SORT_BY_ALIGNMENT(vtable))
 *(SORT_BY_ALIGNMENT(.ramfunc*))
 *(SORT_BY_ALIGNMENT(CodeQuickAccess))
 *(SORT_BY_ALIGNMENT(DataQuickAccess))
 *(SORT_BY_ALIGNMENT(RamFunction))
 *(SORT_BY_ALIGNMENT(.data*))
 .data.ulCriticalNesting
                0x20000000        0x4 ./freertos/freertos-kernel/portable/GCC/ARM_CM33_NTZ/non_secure/port.o
 .data.s_Ext_Clk_Freq
                0x20000004        0x4 ./drivers/fsl_clock.o
 .data.SystemCoreClock
                0x20000008        0x4 ./device/system_LPC55S16.o
                0x20000008                SystemCoreClock
 .data.can_peripheral
                0x2000000c        0x4 ./app_saks_m/devices/src/WL0F0007000A8GAAASA00.o
                0x20000010                        . = ALIGN (0x4)
                0x20000010                        _edata = .
                [!provide]                        PROVIDE (__end_data_RAM = .)
                [!provide]                        PROVIDE (__end_data_SRAM = .)

.igot.plt       0x20000010        0x0 load address 0x00009a58
 .igot.plt      0x20000010        0x0 ./utilities/str/fsl_str.o

.bss_RAM2       0x20010000        0x0
                [!provide]                        PROVIDE (__start_bss_RAM2 = .)
                [!provide]                        PROVIDE (__start_bss_USB_RAM = .)
 *(SORT_BY_ALIGNMENT(.bss.$RAM2))
 *(SORT_BY_ALIGNMENT(.bss.$USB_RAM))
 *(SORT_BY_ALIGNMENT(.bss.$RAM2.*))
 *(SORT_BY_ALIGNMENT(.bss.$USB_RAM.*))
                0x20010000                        . = ALIGN ((. != 0x0)?0x4:0x1)
                [!provide]                        PROVIDE (__end_bss_RAM2 = .)
                [!provide]                        PROVIDE (__end_bss_USB_RAM = .)

.bss_RAM3       0x04000000        0x0
                [!provide]                        PROVIDE (__start_bss_RAM3 = .)
                [!provide]                        PROVIDE (__start_bss_SRAMX = .)
 *(SORT_BY_ALIGNMENT(.bss.$RAM3))
 *(SORT_BY_ALIGNMENT(.bss.$SRAMX))
 *(SORT_BY_ALIGNMENT(.bss.$RAM3.*))
 *(SORT_BY_ALIGNMENT(.bss.$SRAMX.*))
                0x04000000                        . = ALIGN ((. != 0x0)?0x4:0x1)
                [!provide]                        PROVIDE (__end_bss_RAM3 = .)
                [!provide]                        PROVIDE (__end_bss_SRAMX = .)

.bss            0x20000010     0x3058
                0x20000010                        _bss = .
                [!provide]                        PROVIDE (__start_bss_RAM = .)
                [!provide]                        PROVIDE (__start_bss_SRAM = .)
 *(SORT_BY_ALIGNMENT(.bss*))
 .bss.s_debugConsoleState
                0x20000010       0x20 ./utilities/debug_console/fsl_debug_console.o
 .bss.g_serialHandle
                0x20000030        0x4 ./utilities/debug_console/fsl_debug_console.o
                0x20000030                g_serialHandle
 .bss.ucHeap    0x20000034     0x2800 ./freertos/freertos-kernel/portable/MemMang/heap_4.o
 .bss.xStart    0x20002834        0x8 ./freertos/freertos-kernel/portable/MemMang/heap_4.o
 .bss.pxEnd     0x2000283c        0x4 ./freertos/freertos-kernel/portable/MemMang/heap_4.o
 .bss.xFreeBytesRemaining
                0x20002840        0x4 ./freertos/freertos-kernel/portable/MemMang/heap_4.o
 .bss.xMinimumEverFreeBytesRemaining
                0x20002844        0x4 ./freertos/freertos-kernel/portable/MemMang/heap_4.o
 .bss.xNumberOfSuccessfulAllocations
                0x20002848        0x4 ./freertos/freertos-kernel/portable/MemMang/heap_4.o
 .bss.xNumberOfSuccessfulFrees
                0x2000284c        0x4 ./freertos/freertos-kernel/portable/MemMang/heap_4.o
 .bss.ulMaxPRIGROUPValue
                0x20002850        0x4 ./freertos/freertos-kernel/portable/GCC/ARM_CM33_NTZ/non_secure/port.o
 .bss.xQueueRegistry
                0x20002854       0x40 ./freertos/freertos-kernel/queue.o
                0x20002854                xQueueRegistry
 .bss.pxCurrentTCB
                0x20002894        0x4 ./freertos/freertos-kernel/tasks.o
                0x20002894                pxCurrentTCB
 .bss.pxReadyTasksLists
                0x20002898       0x64 ./freertos/freertos-kernel/tasks.o
 .bss.xDelayedTaskList1
                0x200028fc       0x14 ./freertos/freertos-kernel/tasks.o
 .bss.xDelayedTaskList2
                0x20002910       0x14 ./freertos/freertos-kernel/tasks.o
 .bss.pxDelayedTaskList
                0x20002924        0x4 ./freertos/freertos-kernel/tasks.o
 .bss.pxOverflowDelayedTaskList
                0x20002928        0x4 ./freertos/freertos-kernel/tasks.o
 .bss.xPendingReadyList
                0x2000292c       0x14 ./freertos/freertos-kernel/tasks.o
 .bss.xTasksWaitingTermination
                0x20002940       0x14 ./freertos/freertos-kernel/tasks.o
 .bss.uxDeletedTasksWaitingCleanUp
                0x20002954        0x4 ./freertos/freertos-kernel/tasks.o
 .bss.xSuspendedTaskList
                0x20002958       0x14 ./freertos/freertos-kernel/tasks.o
 .bss.uxCurrentNumberOfTasks
                0x2000296c        0x4 ./freertos/freertos-kernel/tasks.o
 .bss.xTickCount
                0x20002970        0x4 ./freertos/freertos-kernel/tasks.o
 .bss.uxTopReadyPriority
                0x20002974        0x4 ./freertos/freertos-kernel/tasks.o
 .bss.xSchedulerRunning
                0x20002978        0x4 ./freertos/freertos-kernel/tasks.o
 .bss.xPendedTicks
                0x2000297c        0x4 ./freertos/freertos-kernel/tasks.o
 .bss.xYieldPendings
                0x20002980        0x4 ./freertos/freertos-kernel/tasks.o
 .bss.xNumOfOverflows
                0x20002984        0x4 ./freertos/freertos-kernel/tasks.o
 .bss.uxTaskNumber
                0x20002988        0x4 ./freertos/freertos-kernel/tasks.o
 .bss.xNextTaskUnblockTime
                0x2000298c        0x4 ./freertos/freertos-kernel/tasks.o
 .bss.xIdleTaskHandles
                0x20002990        0x4 ./freertos/freertos-kernel/tasks.o
 .bss.uxSchedulerSuspended
                0x20002994        0x4 ./freertos/freertos-kernel/tasks.o
 .bss.xActiveTimerList1
                0x20002998       0x14 ./freertos/freertos-kernel/timers.o
 .bss.xActiveTimerList2
                0x200029ac       0x14 ./freertos/freertos-kernel/timers.o
 .bss.pxCurrentTimerList
                0x200029c0        0x4 ./freertos/freertos-kernel/timers.o
 .bss.pxOverflowTimerList
                0x200029c4        0x4 ./freertos/freertos-kernel/timers.o
 .bss.xTimerQueue
                0x200029c8        0x4 ./freertos/freertos-kernel/timers.o
 .bss.xTimerTaskHandle
                0x200029cc        0x4 ./freertos/freertos-kernel/timers.o
 .bss.xLastTime.0
                0x200029d0        0x4 ./freertos/freertos-kernel/timers.o
 .bss.s_Pll0_Freq
                0x200029d4        0x4 ./drivers/fsl_clock.o
 .bss.s_Pll1_Freq
                0x200029d8        0x4 ./drivers/fsl_clock.o
 .bss.s_flexcommIrqHandler
                0x200029dc       0x24 ./drivers/fsl_flexcomm.o
 .bss.s_flexcommHandle
                0x20002a00       0x24 ./drivers/fsl_flexcomm.o
 .bss.s_mcanHandle
                0x20002a24        0x4 ./drivers/fsl_mcan.o
 .bss.s_mcanIsr
                0x20002a28        0x4 ./drivers/fsl_mcan.o
 .bss.can_open  0x20002a2c      0x204 ./app_saks_m/devices/src/WL0F0007000A8GAAASA00.o
 .bss.g_uart1   0x20002c30      0x128 ./app_saks_m/devices/src/ZC05.o
 .bss.g_uart2   0x20002d58      0x128 ./app_saks_m/devices/src/ZE07.o
 .bss.errno     0x20002e80        0x4 C:/nxp/MCUXpressoIDE_25.6.136/ide/plugins/com.nxp.mcuxpresso.tools.win32_25.6.0.202501151204/tools/bin/../lib/gcc/arm-none-eabi/14.2.1/../../../../arm-none-eabi/lib/thumb/v8-m.main+fp/hard\libcr_c.a(errno.o)
                0x20002e80                errno
 .bss.__Ciob    0x20002e84      0x1e0 C:/nxp/MCUXpressoIDE_25.6.136/ide/plugins/com.nxp.mcuxpresso.tools.win32_25.6.0.202501151204/tools/bin/../lib/gcc/arm-none-eabi/14.2.1/../../../../arm-none-eabi/lib/thumb/v8-m.main+fp/hard\libcr_nohost.a(__ciob.o)
                0x20002e84                __Ciob
 .bss.s_debugConsoleReadWaitSemaphore
                0x20003064        0x1 ./utilities/debug_console/fsl_debug_console.o
 .bss.ucMaxSysCallPriority
                0x20003065        0x1 ./freertos/freertos-kernel/portable/GCC/ARM_CM33_NTZ/non_secure/port.o
 .bss.buzzerToggle
                0x20003066        0x1 ./app_saks_m/protocols/src/winstar_canopen.o
 *(SORT_BY_ALIGNMENT(COMMON))
                0x20003068                        . = ALIGN (0x4)
 *fill*         0x20003067        0x1 
                0x20003068                        _ebss = .
                [!provide]                        PROVIDE (__end_bss_RAM = .)
                [!provide]                        PROVIDE (__end_bss_SRAM = .)
                [!provide]                        PROVIDE (end = .)

.noinit_RAM2    0x20010000        0x0
                [!provide]                        PROVIDE (__start_noinit_RAM2 = .)
                [!provide]                        PROVIDE (__start_noinit_USB_RAM = .)
 *(SORT_BY_ALIGNMENT(.noinit.$RAM2))
 *(SORT_BY_ALIGNMENT(.noinit.$USB_RAM))
 *(SORT_BY_ALIGNMENT(.noinit.$RAM2.*))
 *(SORT_BY_ALIGNMENT(.noinit.$USB_RAM.*))
                0x20010000                        . = ALIGN (0x4)
                [!provide]                        PROVIDE (__end_noinit_RAM2 = .)
                [!provide]                        PROVIDE (__end_noinit_USB_RAM = .)

.noinit_RAM3    0x04000000        0x0
                [!provide]                        PROVIDE (__start_noinit_RAM3 = .)
                [!provide]                        PROVIDE (__start_noinit_SRAMX = .)
 *(SORT_BY_ALIGNMENT(.noinit.$RAM3))
 *(SORT_BY_ALIGNMENT(.noinit.$SRAMX))
 *(SORT_BY_ALIGNMENT(.noinit.$RAM3.*))
 *(SORT_BY_ALIGNMENT(.noinit.$SRAMX.*))
                0x04000000                        . = ALIGN (0x4)
                [!provide]                        PROVIDE (__end_noinit_RAM3 = .)
                [!provide]                        PROVIDE (__end_noinit_SRAMX = .)

.noinit         0x20003068        0x0
                0x20003068                        _noinit = .
                [!provide]                        PROVIDE (__start_noinit_RAM = .)
                [!provide]                        PROVIDE (__start_noinit_SRAM = .)
 *(SORT_BY_ALIGNMENT(.noinit*))
                0x20003068                        . = ALIGN (0x4)
                0x20003068                        _end_noinit = .
                [!provide]                        PROVIDE (__end_noinit_RAM = .)
                [!provide]                        PROVIDE (__end_noinit_SRAM = .)
                0x00001000                        _HeapSize = 0x1000

.heap           0x20003068     0x1000
                0x20003068                        _pvHeapStart = .
                0x20004068                        . = (. + _HeapSize)
 *fill*         0x20003068     0x1000 
                0x20004068                        . = ALIGN (0x4)
                0x20004068                        _pvHeapLimit = .
                0x00001000                        _StackSize = 0x1000

.heap2stackfill
                0x20004068     0x1000
                0x20005068                        . = (. + _StackSize)
 *fill*         0x20004068     0x1000 

.stack          0x2000f000        0x0
                0x2000f000                        _vStackBase = .
                0x2000f000                        . = ALIGN (0x4)
                0x20010000                        _vStackTop = (. + _StackSize)
                [!provide]                        PROVIDE (__valid_user_code_checksum = (0x0 - ((((((_vStackTop + (ResetISR + 0x1)) + (NMI_Handler + 0x1)) + (HardFault_Handler + 0x1)) + (DEFINED (MemManage_Handler)?MemManage_Handler:0x0 + 0x1)) + (DEFINED (BusFault_Handler)?BusFault_Handler:0x0 + 0x1)) + (DEFINED (UsageFault_Handler)?UsageFault_Handler:0x0 + 0x1))))
                0x00000000                        _image_start = LOADADDR (.text)
                0x00009a58                        _image_end = (LOADADDR (.data) + SIZEOF (.data))
                0x00009a58                        _image_size = (_image_end - _image_start)
OUTPUT(SAKs_Mod_V0.axf elf32-littlearm)
LOAD linker stubs

.debug_info     0x00000000    0x2c1d4
 .debug_info    0x00000000      0xd5d ./utilities/str/fsl_str.o
 .debug_info    0x00000d5d      0xeb4 ./utilities/debug_console/fsl_debug_console.o
 .debug_info    0x00001c11      0x1d0 ./utilities/fsl_assert.o
 .debug_info    0x00001de1      0x9ed ./startup/startup_lpc55s16.o
 .debug_info    0x000027ce      0x8b4 ./source/SAKs_Mod_V0.o
 .debug_info    0x00003082       0x3c ./source/semihost_hardfault.o
 .debug_info    0x000030be      0x4e7 ./freertos/freertos-kernel/portable/MemMang/heap_4.o
 .debug_info    0x000035a5      0x3fe ./freertos/freertos-kernel/portable/GCC/ARM_CM33_NTZ/non_secure/port.o
 .debug_info    0x000039a3      0x14e ./freertos/freertos-kernel/portable/GCC/ARM_CM33_NTZ/non_secure/portasm.o
 .debug_info    0x00003af1      0x2b9 ./freertos/freertos-kernel/list.o
 .debug_info    0x00003daa     0x13bb ./freertos/freertos-kernel/queue.o
 .debug_info    0x00005165     0x22bf ./freertos/freertos-kernel/tasks.o
 .debug_info    0x00007424      0xf69 ./freertos/freertos-kernel/timers.o
 .debug_info    0x0000838d     0x363b ./drivers/fsl_clock.o
 .debug_info    0x0000b9c8      0x38b ./drivers/fsl_common_arm.o
 .debug_info    0x0000bd53     0x1b92 ./drivers/fsl_flexcomm.o
 .debug_info    0x0000d8e5     0x3cb8 ./drivers/fsl_mcan.o
 .debug_info    0x0001159d     0x3408 ./drivers/fsl_power.o
 .debug_info    0x000149a5      0xf4f ./drivers/fsl_reset.o
 .debug_info    0x000158f4     0x19df ./drivers/fsl_usart.o
 .debug_info    0x000172d3     0x163a ./device/system_LPC55S16.o
 .debug_info    0x0001890d      0xd93 ./component/uart/fsl_adapter_usart.o
 .debug_info    0x000196a0      0xe28 ./component/serial_manager/fsl_component_serial_manager.o
 .debug_info    0x0001a4c8      0x558 ./component/serial_manager/fsl_component_serial_port_uart.o
 .debug_info    0x0001aa20      0x858 ./board/board.o
 .debug_info    0x0001b278     0x18a9 ./board/clock_config.o
 .debug_info    0x0001cb21       0x9b ./board/peripherals.o
 .debug_info    0x0001cbbc     0x14d8 ./board/pin_mux.o
 .debug_info    0x0001e094      0x1d2 ./app_saks_m/utilities/src/conversions.o
 .debug_info    0x0001e266     0x19eb ./app_saks_m/protocols/src/winstar_canopen.o
 .debug_info    0x0001fc51     0x1ade ./app_saks_m/drivers/src/can_freertos.o
 .debug_info    0x0002172f     0x1372 ./app_saks_m/drivers/src/uart_freertos.o
 .debug_info    0x00022aa1     0x1443 ./app_saks_m/devices/src/WL0F0007000A8GAAASA00.o
 .debug_info    0x00023ee4      0xc4b ./app_saks_m/devices/src/ZC05.o
 .debug_info    0x00024b2f      0xc4b ./app_saks_m/devices/src/ZE07.o
 .debug_info    0x0002577a      0x326 ./app_saks_m/app/src/app_saksm.o
 .debug_info    0x00025aa0       0x85 C:/nxp/MCUXpressoIDE_25.6.136/ide/plugins/com.nxp.mcuxpresso.tools.win32_25.6.0.202501151204/tools/bin/../lib/gcc/arm-none-eabi/14.2.1/../../../../arm-none-eabi/lib/thumb/v8-m.main+fp/hard\libcr_nohost.a(_cr__main.o)
 .debug_info    0x00025b25      0x12b C:/nxp/MCUXpressoIDE_25.6.136/ide/plugins/com.nxp.mcuxpresso.tools.win32_25.6.0.202501151204/tools/bin/../lib/gcc/arm-none-eabi/14.2.1/../../../../arm-none-eabi/lib/thumb/v8-m.main+fp/hard\libcr_c.a(memcpy.o)
 .debug_info    0x00025c50       0xfc C:/nxp/MCUXpressoIDE_25.6.136/ide/plugins/com.nxp.mcuxpresso.tools.win32_25.6.0.202501151204/tools/bin/../lib/gcc/arm-none-eabi/14.2.1/../../../../arm-none-eabi/lib/thumb/v8-m.main+fp/hard\libcr_c.a(memset.o)
 .debug_info    0x00025d4c      0x520 C:/nxp/MCUXpressoIDE_25.6.136/ide/plugins/com.nxp.mcuxpresso.tools.win32_25.6.0.202501151204/tools/bin/../lib/gcc/arm-none-eabi/14.2.1/../../../../arm-none-eabi/lib/thumb/v8-m.main+fp/hard\libcr_c.a(alloc.o)
 .debug_info    0x0002626c       0x44 C:/nxp/MCUXpressoIDE_25.6.136/ide/plugins/com.nxp.mcuxpresso.tools.win32_25.6.0.202501151204/tools/bin/../lib/gcc/arm-none-eabi/14.2.1/../../../../arm-none-eabi/lib/thumb/v8-m.main+fp/hard\libcr_c.a(errno.o)
 .debug_info    0x000262b0      0x339 C:/nxp/MCUXpressoIDE_25.6.136/ide/plugins/com.nxp.mcuxpresso.tools.win32_25.6.0.202501151204/tools/bin/../lib/gcc/arm-none-eabi/14.2.1/../../../../arm-none-eabi/lib/thumb/v8-m.main+fp/hard\libcr_c.a(initio.o)
 .debug_info    0x000265e9      0x1fd C:/nxp/MCUXpressoIDE_25.6.136/ide/plugins/com.nxp.mcuxpresso.tools.win32_25.6.0.202501151204/tools/bin/../lib/gcc/arm-none-eabi/14.2.1/../../../../arm-none-eabi/lib/thumb/v8-m.main+fp/hard\libcr_c.a(setvbuf.o)
 .debug_info    0x000267e6       0xe1 C:/nxp/MCUXpressoIDE_25.6.136/ide/plugins/com.nxp.mcuxpresso.tools.win32_25.6.0.202501151204/tools/bin/../lib/gcc/arm-none-eabi/14.2.1/../../../../arm-none-eabi/lib/thumb/v8-m.main+fp/hard\libcr_c.a(strlen.o)
 .debug_info    0x000268c7      0x396 C:/nxp/MCUXpressoIDE_25.6.136/ide/plugins/com.nxp.mcuxpresso.tools.win32_25.6.0.202501151204/tools/bin/../lib/gcc/arm-none-eabi/14.2.1/../../../../arm-none-eabi/lib/thumb/v8-m.main+fp/hard\libcr_c.a(_deferredlazyseek.o)
 .debug_info    0x00026c5d      0x24b C:/nxp/MCUXpressoIDE_25.6.136/ide/plugins/com.nxp.mcuxpresso.tools.win32_25.6.0.202501151204/tools/bin/../lib/gcc/arm-none-eabi/14.2.1/../../../../arm-none-eabi/lib/thumb/v8-m.main+fp/hard\libcr_c.a(_fdopen.o)
 .debug_info    0x00026ea8      0x1e3 C:/nxp/MCUXpressoIDE_25.6.136/ide/plugins/com.nxp.mcuxpresso.tools.win32_25.6.0.202501151204/tools/bin/../lib/gcc/arm-none-eabi/14.2.1/../../../../arm-none-eabi/lib/thumb/v8-m.main+fp/hard\libcr_c.a(_fflush.o)
 .debug_info    0x0002708b      0x289 C:/nxp/MCUXpressoIDE_25.6.136/ide/plugins/com.nxp.mcuxpresso.tools.win32_25.6.0.202501151204/tools/bin/../lib/gcc/arm-none-eabi/14.2.1/../../../../arm-none-eabi/lib/thumb/v8-m.main+fp/hard\libcr_c.a(_writebuf.o)
 .debug_info    0x00027314      0x31e C:/nxp/MCUXpressoIDE_25.6.136/ide/plugins/com.nxp.mcuxpresso.tools.win32_25.6.0.202501151204/tools/bin/../lib/gcc/arm-none-eabi/14.2.1/../../../../arm-none-eabi/lib/thumb/v8-m.main+fp/hard\libcr_c.a(fclose.o)
 .debug_info    0x00027632      0x209 C:/nxp/MCUXpressoIDE_25.6.136/ide/plugins/com.nxp.mcuxpresso.tools.win32_25.6.0.202501151204/tools/bin/../lib/gcc/arm-none-eabi/14.2.1/../../../../arm-none-eabi/lib/thumb/v8-m.main+fp/hard\libcr_c.a(fflush.o)
 .debug_info    0x0002783b      0x276 C:/nxp/MCUXpressoIDE_25.6.136/ide/plugins/com.nxp.mcuxpresso.tools.win32_25.6.0.202501151204/tools/bin/../lib/gcc/arm-none-eabi/14.2.1/../../../../arm-none-eabi/lib/thumb/v8-m.main+fp/hard\libcr_c.a(fseek.o)
 .debug_info    0x00027ab1      0x197 C:/nxp/MCUXpressoIDE_25.6.136/ide/plugins/com.nxp.mcuxpresso.tools.win32_25.6.0.202501151204/tools/bin/../lib/gcc/arm-none-eabi/14.2.1/../../../../arm-none-eabi/lib/thumb/v8-m.main+fp/hard\libcr_c.a(ftell.o)
 .debug_info    0x00027c48      0x1d7 C:/nxp/MCUXpressoIDE_25.6.136/ide/plugins/com.nxp.mcuxpresso.tools.win32_25.6.0.202501151204/tools/bin/../lib/gcc/arm-none-eabi/14.2.1/../../../../arm-none-eabi/lib/thumb/v8-m.main+fp/hard\libcr_c.a(remove.o)
 .debug_info    0x00027e1f      0x23a C:/nxp/MCUXpressoIDE_25.6.136/ide/plugins/com.nxp.mcuxpresso.tools.win32_25.6.0.202501151204/tools/bin/../lib/gcc/arm-none-eabi/14.2.1/../../../../arm-none-eabi/lib/thumb/v8-m.main+fp/hard\libcr_c.a(_do_fflush.o)
 .debug_info    0x00028059     0x2159 C:/nxp/MCUXpressoIDE_25.6.136/ide/plugins/com.nxp.mcuxpresso.tools.win32_25.6.0.202501151204/tools/bin/../lib/gcc/arm-none-eabi/14.2.1/thumb/v8-m.main+fp/hard\libcr_eabihelpers.a(double.o)
 .debug_info    0x0002a1b2     0x1b31 C:/nxp/MCUXpressoIDE_25.6.136/ide/plugins/com.nxp.mcuxpresso.tools.win32_25.6.0.202501151204/tools/bin/../lib/gcc/arm-none-eabi/14.2.1/thumb/v8-m.main+fp/hard\libcr_eabihelpers.a(float.o)