C:\Users\plibreros\Documents\Desarrollo ASBA Proyecto N2\Firmware_LPC55S16\SAKs_Mod_V0\CMSIS/core_cm33.h:2358:22:__NVIC_EnableIRQ	16	static
../drivers/fsl_clock.h:987:20:CLOCK_EnableClock	24	static
../drivers/fsl_clock.h:997:20:CLOCK_DisableClock	24	static
../drivers/fsl_common_arm.h:678:24:EnableIRQ	24	static
../drivers/fsl_mcan.h:492:20:MCAN_EnterInitialMode	16	static
../drivers/fsl_mcan.h:510:20:MCAN_EnterNormalMode	16	static
../drivers/fsl_mcan.h:532:20:MCAN_SetMsgRAMBase	16	static
../drivers/fsl_mcan.h:547:24:MCAN_GetMsgRAMBase	16	static
../drivers/fsl_mcan.h:824:24:MCAN_GetStatusFlag	16	static
../drivers/fsl_mcan.h:837:20:MCAN_ClearStatusFlag	16	static
../drivers/fsl_mcan.h:852:20:MCAN_GetRxBufferStatusFlag	24	static
../drivers/fsl_mcan.h:878:20:MCAN_ClearRxBufferStatusFlag	16	static
../drivers/fsl_mcan.h:909:20:MCAN_EnableInterrupts	24	static
../drivers/fsl_mcan.h:931:20:MCAN_EnableTransmitBufferInterrupts	16	static
../drivers/fsl_mcan.h:944:20:MCAN_DisableTransmitBufferInterrupts	16	static
../drivers/fsl_mcan.h:958:20:MCAN_DisableInterrupts	16	static
../drivers/fsl_mcan.h:1042:20:MCAN_TransmitAddRequest	16	static
../drivers/fsl_mcan.h:1055:20:MCAN_TransmitCancelRequest	16	static
../drivers/fsl_mcan.c:210:17:MCAN_GetInstance	24	static
../drivers/fsl_mcan.c:228:13:MCAN_Reset	16	static
../drivers/fsl_mcan.c:264:6:MCAN_Init	48	static
../drivers/fsl_mcan.c:371:6:MCAN_Deinit	16	static
../drivers/fsl_mcan.c:397:6:MCAN_GetDefaultConfig	16	static
../drivers/fsl_mcan.c:432:13:MCAN_FDCalculateSegments	24	static
../drivers/fsl_mcan.c:468:13:MCAN_FDGetSegments	32	static
../drivers/fsl_mcan.c:507:13:MCAN_CalculateImprovedNominalTimingValues	56	static
../drivers/fsl_mcan.c:588:6:MCAN_FDCalculateImprovedTimingValues	40	static
../drivers/fsl_mcan.c:694:13:MCAN_FDGetSpecifiedSegments	32	static
../drivers/fsl_mcan.c:749:6:MCAN_FDCalculateSpecifiedTimingValues	40	static
../drivers/fsl_mcan.c:862:6:MCAN_SetDataTimingConfig	16	static
../drivers/fsl_mcan.c:886:10:MCAN_SetBaudRateFD	40	static
../drivers/fsl_mcan.c:929:13:MCAN_CalculateSegments	24	static
../drivers/fsl_mcan.c:965:13:MCAN_GetSegments	32	static
../drivers/fsl_mcan.c:998:6:MCAN_CalculateImprovedTimingValues	56	static
../drivers/fsl_mcan.c:1052:13:MCAN_GetSpecifiedSegments	32	static
../drivers/fsl_mcan.c:1103:6:MCAN_CalculateSpecifiedTimingValues	168	static
../drivers/fsl_mcan.c:1202:10:MCAN_SetBaudRate	40	static
../drivers/fsl_mcan.c:1234:6:MCAN_SetArbitrationTimingConfig	16	static
../drivers/fsl_mcan.c:1256:6:MCAN_SetFilterConfig	16	static
../drivers/fsl_mcan.c:1280:6:MCAN_SetRxFifo0Config	16	static
../drivers/fsl_mcan.c:1298:6:MCAN_SetRxFifo1Config	16	static
../drivers/fsl_mcan.c:1315:6:MCAN_SetRxBufferConfig	16	static
../drivers/fsl_mcan.c:1331:6:MCAN_SetTxEventFifoConfig	16	static
../drivers/fsl_mcan.c:1347:6:MCAN_SetTxBufferConfig	16	static
../drivers/fsl_mcan.c:1368:10:MCAN_SetMessageRamConfig	32	static
../drivers/fsl_mcan.c:1489:6:MCAN_SetSTDFilterElement	32	static
../drivers/fsl_mcan.c:1507:6:MCAN_SetEXTFilterElement	32	static
../drivers/fsl_mcan.c:1517:17:MCAN_GetRxFifo0ElementAddress	24	static
../drivers/fsl_mcan.c:1535:17:MCAN_GetRxFifo1ElementAddress	24	static
../drivers/fsl_mcan.c:1553:17:MCAN_GetRxBufferElementAddress	24	static
../drivers/fsl_mcan.c:1569:17:MCAN_GetTxBufferElementAddress	24	static
../drivers/fsl_mcan.c:1593:10:MCAN_IsTransmitRequestPending	16	static
../drivers/fsl_mcan.c:1606:10:MCAN_IsTransmitOccurred	16	static
../drivers/fsl_mcan.c:1622:10:MCAN_WriteTxBuffer	48	static
../drivers/fsl_mcan.c:1660:10:MCAN_ReadRxBuffer	40	static
../drivers/fsl_mcan.c:1684:10:MCAN_ReadRxFifo	40	static
../drivers/fsl_mcan.c:1739:10:MCAN_TransferSendBlocking	32	static
../drivers/fsl_mcan.c:1772:10:MCAN_TransferReceiveBlocking	32	static
../drivers/fsl_mcan.c:1813:10:MCAN_TransferReceiveFifoBlocking	32	static
../drivers/fsl_mcan.c:1858:6:MCAN_TransferCreateHandle	32	static
../drivers/fsl_mcan.c:1913:10:MCAN_TransferSendNonBlocking	32	static
../drivers/fsl_mcan.c:1976:10:MCAN_TransferReceiveFifoNonBlocking	32	static
../drivers/fsl_mcan.c:2024:6:MCAN_TransferAbortSend	24	static
../drivers/fsl_mcan.c:2051:6:MCAN_TransferAbortReceiveFifo	24	static
../drivers/fsl_mcan.c:2081:6:MCAN_TransferHandleIRQ	48	static
../drivers/fsl_mcan.c:2177:6:CAN0_IRQ0_DriverIRQHandler	8	static
../drivers/fsl_mcan.c:2186:6:CAN0_IRQ1_DriverIRQHandler	8	static
