../drivers/fsl_clock.h:987:20:CLOCK_EnableClock	24	static
../drivers/fsl_clock.h:997:20:CLOCK_DisableClock	24	static
../drivers/fsl_clock.h:1240:22:CLOCK_IsPLL0Locked	4	static
../drivers/fsl_clock.h:1248:22:CLOCK_IsPLL1Locked	4	static
../drivers/fsl_power.h:373:20:POWER_EnablePD	16	static
../drivers/fsl_power.h:385:20:POWER_DisablePD	16	static
../drivers/fsl_clock.c:110:6:CLOCK_AttachClk	32	static
../drivers/fsl_clock.c:160:19:CLOCK_GetClockAttachId	48	static
../drivers/fsl_clock.c:214:6:CLOCK_SetClkDiv	24	static
../drivers/fsl_clock.c:248:6:CLOCK_SetRtc1khzClkDiv	16	static
../drivers/fsl_clock.c:260:6:CLOCK_SetRtc1hzClkDiv	16	static
../drivers/fsl_clock.c:281:10:CLOCK_SetupFROClocking	16	static
../drivers/fsl_clock.c:339:6:CLOCK_SetFLASHAccessCyclesForFreq	32	static
../drivers/fsl_clock.c:385:10:CLOCK_SetupExtClocking	16	static
../drivers/fsl_clock.c:412:10:CLOCK_SetupI2SMClkClocking	16	static
../drivers/fsl_clock.c:424:10:CLOCK_SetupPLUClkInClocking	16	static
../drivers/fsl_clock.c:434:10:CLOCK_GetClockOutClkFreq	16	static
../drivers/fsl_clock.c:483:10:CLOCK_GetMCanClkFreq	16	static
../drivers/fsl_clock.c:514:10:CLOCK_GetAdcClkFreq	16	static
../drivers/fsl_clock.c:545:10:CLOCK_GetUsb0ClkFreq	16	static
../drivers/fsl_clock.c:579:10:CLOCK_GetUsb1ClkFreq	4	static
../drivers/fsl_clock.c:588:10:CLOCK_GetMclkClkFreq	16	static
../drivers/fsl_clock.c:616:10:CLOCK_GetSctClkFreq	16	static
../drivers/fsl_clock.c:653:10:CLOCK_GetFro12MFreq	4	static
../drivers/fsl_clock.c:662:10:CLOCK_GetFro1MFreq	4	static
../drivers/fsl_clock.c:671:10:CLOCK_GetExtClkFreq	4	static
../drivers/fsl_clock.c:680:10:CLOCK_GetWdtClkFreq	8	static
../drivers/fsl_clock.c:689:10:CLOCK_GetFroHfFreq	4	static
../drivers/fsl_clock.c:698:10:CLOCK_GetPll0OutFreq	4	static
../drivers/fsl_clock.c:707:10:CLOCK_GetPll1OutFreq	4	static
../drivers/fsl_clock.c:716:10:CLOCK_GetOsc32KFreq	4	static
../drivers/fsl_clock.c:731:10:CLOCK_GetCoreSysClkFreq	16	static
../drivers/fsl_clock.c:782:10:CLOCK_GetI2SMClkFreq	4	static
../drivers/fsl_clock.c:791:10:CLOCK_GetPLUClkInFreq	4	static
../drivers/fsl_clock.c:801:10:CLOCK_GetFlexCommInputClock	24	static
../drivers/fsl_clock.c:841:10:CLOCK_GetFlexCommClkFreq	72	static
../drivers/fsl_clock.c:854:10:CLOCK_GetHsLspiClkFreq	16	static
../drivers/fsl_clock.c:894:10:CLOCK_GetCTimerClkFreq	24	static
../drivers/fsl_clock.c:934:10:CLOCK_GetSystickClkFreq	24	static
../drivers/fsl_clock.c:971:10:CLOCK_SetFlexCommClock	56	static
../drivers/fsl_clock.c:993:10:CLOCK_GetFreq	24	static
../drivers/fsl_clock.c:1039:13:pllFindSel	32	static
../drivers/fsl_clock.c:1083:17:findPll0PreDiv	16	static
../drivers/fsl_clock.c:1100:17:findPll1PreDiv	16	static
../drivers/fsl_clock.c:1117:17:findPll0PostDiv	16	static
../drivers/fsl_clock.c:1140:17:findPll1PostDiv	16	static
../drivers/fsl_clock.c:1164:14:findPll0MMult	24	static
../drivers/fsl_clock.c:1191:17:findPll1MMult	16	static
../drivers/fsl_clock.c:1206:17:FindGreatestCommonDivisor	24	static
../drivers/fsl_clock.c:1226:20:CLOCK_GetPll0ConfigInternal	128	static
../drivers/fsl_clock.c:1396:20:CLOCK_GetPll0Config	32	static
../drivers/fsl_clock.c:1444:13:CLOCK_GetPLL0OutFromSetupUpdate	16	static
../drivers/fsl_clock.c:1450:13:CLOCK_GetPLL1OutFromSetupUpdate	16	static
../drivers/fsl_clock.c:1459:10:CLOCK_GetPLL0InClockRate	16	static
../drivers/fsl_clock.c:1490:10:CLOCK_GetPLL1InClockRate	16	static
../drivers/fsl_clock.c:1525:10:CLOCK_GetPLL0OutFromSetup	40	static
../drivers/fsl_clock.c:1556:10:CLOCK_GetPLL1OutFromSetup	32	static
../drivers/fsl_clock.c:1586:6:CLOCK_SetStoredPLL0ClockRate	16	static
../drivers/fsl_clock.c:1599:10:CLOCK_GetPLL0OutClockRate	56	static
../drivers/fsl_clock.c:1627:10:CLOCK_GetPLL1OutClockRate	56	static
../drivers/fsl_clock.c:1654:13:CLOCK_SetupPLL0Data	24	static
../drivers/fsl_clock.c:1697:13:CLOCK_SetupPLL0Prec	40	static
../drivers/fsl_clock.c:1780:13:CLOCK_SetPLL0Freq	40	static
../drivers/fsl_clock.c:1855:13:CLOCK_SetPLL1Freq	40	static
../drivers/fsl_clock.c:1918:6:CLOCK_SetupPLL0Mult	48	static
../drivers/fsl_clock.c:1982:6:CLOCK_EnableUsbfs0DeviceClock	56	static
../drivers/fsl_clock.c:2045:6:CLOCK_EnableUsbfs0HostClock	56	static
../drivers/fsl_clock.c:2132:6:CLOCK_EnableUsbhs0PhyPllClock	32	static
../drivers/fsl_clock.c:2215:6:CLOCK_EnableUsbhs0DeviceClock	16	static
../drivers/fsl_clock.c:2227:6:CLOCK_EnableUsbhs0HostClock	16	static
../drivers/fsl_clock.c:2243:6:CLOCK_EnableOstimer32kClock	4	static
