../device/system_LPC55S16.c:62:17:findPll0PreDiv	16	static
../device/system_LPC55S16.c:79:17:findPll0PostDiv	16	static
../device/system_LPC55S16.c:102:14:findPll0MMult	24	static
../device/system_LPC55S16.c:128:17:findPll1PreDiv	16	static
../device/system_LPC55S16.c:145:17:findPll1PostDiv	16	static
../device/system_LPC55S16.c:168:17:findPll1MMult	16	static
../device/system_LPC55S16.c:185:17:GetFro12MFreq	4	static
../device/system_LPC55S16.c:194:17:GetFro1MFreq	4	static
../device/system_LPC55S16.c:203:17:GetExtClkFreq	4	static
../device/system_LPC55S16.c:212:17:GetFroHfFreq	4	static
../device/system_LPC55S16.c:221:17:GetOsc32KFreq	4	static
../device/system_LPC55S16.c:242:29:SystemInit	8	static
../device/system_LPC55S16.c:295:6:SystemCoreClockUpdate	96	static
../device/system_LPC55S16.c:396:29:SystemInitHook	4	static
