C:\Users\plibreros\Documents\Desarrollo ASBA Proyecto N2\Firmware_LPC55S16\SAKs_Mod_V0\CMSIS/core_cm33.h:2358:22:__NVIC_EnableIRQ	16	static
C:\Users\plibreros\Documents\Desarrollo ASBA Proyecto N2\Firmware_LPC55S16\SAKs_Mod_V0\CMSIS/core_cm33.h:2555:22:__NVIC_SetPriority	16	static
C:\Users\plibreros\Documents\Desarrollo ASBA Proyecto N2\Firmware_LPC55S16\SAKs_Mod_V0\drivers/fsl_common_arm.h:678:24:EnableIRQ	24	static
C:\Users\plibreros\Documents\Desarrollo ASBA Proyecto N2\Firmware_LPC55S16\SAKs_Mod_V0\drivers/fsl_usart.h:493:24:USART_GetStatusFlags	16	static
C:\Users\plibreros\Documents\Desarrollo ASBA Proyecto N2\Firmware_LPC55S16\SAKs_Mod_V0\drivers/fsl_usart.h:511:20:USART_ClearStatusFlags	16	static
C:\Users\plibreros\Documents\Desarrollo ASBA Proyecto N2\Firmware_LPC55S16\SAKs_Mod_V0\drivers/fsl_usart.h:539:20:USART_EnableInterrupts	16	static
C:\Users\plibreros\Documents\Desarrollo ASBA Proyecto N2\Firmware_LPC55S16\SAKs_Mod_V0\drivers/fsl_usart.h:559:20:USART_DisableInterrupts	16	static
C:\Users\plibreros\Documents\Desarrollo ASBA Proyecto N2\Firmware_LPC55S16\SAKs_Mod_V0\drivers/fsl_usart.h:729:23:USART_ReadByte	16	static
../app_saks_m/drivers/src/uart_freertos.c:39:20:rb_push_from_isr	16	static
../app_saks_m/drivers/src/uart_freertos.c:51:23:rb_pop	24	static
../app_saks_m/drivers/src/uart_freertos.c:68:19:uart_drv_init	40	static
../app_saks_m/drivers/src/uart_freertos.c:107:6:uart_drv_deinit	16	static
../app_saks_m/drivers/src/uart_freertos.c:119:8:uart_drv_read	32	static
../app_saks_m/drivers/src/uart_freertos.c:134:8:uart_drv_available	16	static
../app_saks_m/drivers/src/uart_freertos.c:140:6:uart_drv_flush	16	static
../app_saks_m/drivers/src/uart_freertos.c:150:19:uart_drv_write	24	static
../app_saks_m/drivers/src/uart_freertos.c:164:6:uart_drv_isr_handler	40	static
