../app_saks_m/protocols/src/winstar_canopen.c:49:24:cob_id_request	16	static
../app_saks_m/protocols/src/winstar_canopen.c:52:24:sdo_get_index	16	static
../app_saks_m/protocols/src/winstar_canopen.c:56:17:winstar_init_peripheral	16	static
../app_saks_m/protocols/src/winstar_canopen.c:66:17:winstar_set_ind_value	32	static
../app_saks_m/protocols/src/winstar_canopen.c:78:17:winstar_set_text_float	88	static
../app_saks_m/protocols/src/winstar_canopen.c:94:17:winstar_set_text_string	40	static
../app_saks_m/protocols/src/winstar_canopen.c:106:17:winstar_set_text_integer	88	static
../app_saks_m/protocols/src/winstar_canopen.c:121:17:winstar_activation_buzzer	32	static
../app_saks_m/protocols/src/winstar_canopen.c:141:16:sdo_get_exped_cmd	16	static
../app_saks_m/protocols/src/winstar_canopen.c:169:24:sdo_expedited_write	296	static
../app_saks_m/protocols/src/winstar_canopen.c:216:24:sdo_segment_write	304	static
../app_saks_m/protocols/src/winstar_canopen.c:278:24:sdo_explicit_write	32	static
../app_saks_m/protocols/src/winstar_canopen.c:300:24:winstar_send_receive_msg	48	static
../app_saks_m/protocols/src/winstar_canopen.c:314:24:winstar_evaluate_response	24	static
../app_saks_m/protocols/src/winstar_canopen.c:347:16:convert_to_utf16	32	static
../app_saks_m/protocols/src/winstar_canopen.c:359:24:winstar_send_to_lcd	40	static
